[2025-10-03 10:12:16] ERROR: POST /api/auth/login - Invalid email or password  {
  "name": "AppError",
  "stack": "AppError: Invalid email or password\n    at new AppError (D:\\Ridho\\finpro\\finpro-api\\src\\utils\\app.error.ts:14:11)\n    at AuthService.<anonymous> (D:\\Ridho\\finpro\\finpro-api\\src\\services\\auth.service.ts:264:13)\n    at Generator.next (<anonymous>)\n    at fulfilled (D:\\Ridho\\finpro\\finpro-api\\src\\services\\auth.service.ts:5:58)",
  "path": "/api/auth/login",
  "method": "POST",
  "ip": "::1",
  "statusCode": 401
}
[2025-10-03 10:12:25] ERROR: POST /api/auth/login - Invalid email or password  {
  "name": "AppError",
  "stack": "AppError: Invalid email or password\n    at new AppError (D:\\Ridho\\finpro\\finpro-api\\src\\utils\\app.error.ts:14:11)\n    at AuthService.<anonymous> (D:\\Ridho\\finpro\\finpro-api\\src\\services\\auth.service.ts:264:13)\n    at Generator.next (<anonymous>)\n    at fulfilled (D:\\Ridho\\finpro\\finpro-api\\src\\services\\auth.service.ts:5:58)",
  "path": "/api/auth/login",
  "method": "POST",
  "ip": "::1",
  "statusCode": 401
}
[2025-10-03 10:18:14] ERROR: POST /api/auth/login - Invalid email or password  {
  "name": "AppError",
  "stack": "AppError: Invalid email or password\n    at new AppError (D:\\Ridho\\finpro\\finpro-api\\src\\utils\\app.error.ts:14:11)\n    at AuthService.<anonymous> (D:\\Ridho\\finpro\\finpro-api\\src\\services\\auth.service.ts:264:13)\n    at Generator.next (<anonymous>)\n    at fulfilled (D:\\Ridho\\finpro\\finpro-api\\src\\services\\auth.service.ts:5:58)",
  "path": "/api/auth/login",
  "method": "POST",
  "ip": "::1",
  "statusCode": 401
}
[2025-10-03 10:21:43] ERROR: POST /api/auth/login - Invalid email or password  {
  "name": "AppError",
  "stack": "AppError: Invalid email or password\n    at new AppError (D:\\Ridho\\finpro\\finpro-api\\src\\utils\\app.error.ts:14:11)\n    at AuthService.<anonymous> (D:\\Ridho\\finpro\\finpro-api\\src\\services\\auth.service.ts:264:13)\n    at Generator.next (<anonymous>)\n    at fulfilled (D:\\Ridho\\finpro\\finpro-api\\src\\services\\auth.service.ts:5:58)",
  "path": "/api/auth/login",
  "method": "POST",
  "ip": "::1",
  "statusCode": 401
}
[2025-10-03 14:20:05] ERROR: GET /api/tenant/properties/cities - Internal server error. Please try again later!  {
  "name": "PrismaClientKnownRequestError",
  "stack": "PrismaClientKnownRequestError: \nInvalid `prisma.properties.findMany()` invocation in\nD:\\Ridho\\finpro\\finpro-api\\src\\services\\property.service.ts:298:44\n\n  295 }\n  296 \n  297 async getCities() {\n→ 298   const cities = await prisma.properties.findMany(\nCan't reach database server at `aws-1-ap-southeast-1.pooler.supabase.com:6543`\n\nPlease make sure your database server is running at `aws-1-ap-southeast-1.pooler.supabase.com:6543`.\n    at ei.handleRequestError (D:\\Ridho\\finpro\\finpro-api\\src\\generated\\prisma\\runtime\\library.js:124:7268)\n    at ei.handleAndLogRequestError (D:\\Ridho\\finpro\\finpro-api\\src\\generated\\prisma\\runtime\\library.js:124:6593)\n    at ei.request (D:\\Ridho\\finpro\\finpro-api\\src\\generated\\prisma\\runtime\\library.js:124:6300)\n    at async a (D:\\Ridho\\finpro\\finpro-api\\src\\generated\\prisma\\runtime\\library.js:133:9551)",
  "path": "/api/tenant/properties/cities",
  "method": "GET",
  "ip": "::1",
  "statusCode": 500
}
[2025-10-03 14:20:05] ERROR: GET /api/properties/search?sortBy=name&sortOrder=asc&page=1&limit=12 - Internal server error. Please try again later!  {
  "name": "PrismaClientKnownRequestError",
  "stack": "PrismaClientKnownRequestError: \nInvalid `prisma.properties.count()` invocation in\nD:\\Ridho\\finpro\\finpro-api\\src\\services\\property-catalog.service.ts:53:53\n\n  50 };\n  51 \n  52 // First, get total count of properties matching base criteria\n→ 53 const totalProperties = await prisma.properties.count(\nCan't reach database server at `aws-1-ap-southeast-1.pooler.supabase.com:6543`\n\nPlease make sure your database server is running at `aws-1-ap-southeast-1.pooler.supabase.com:6543`.\n    at ei.handleRequestError (D:\\Ridho\\finpro\\finpro-api\\src\\generated\\prisma\\runtime\\library.js:124:7268)\n    at ei.handleAndLogRequestError (D:\\Ridho\\finpro\\finpro-api\\src\\generated\\prisma\\runtime\\library.js:124:6593)\n    at ei.request (D:\\Ridho\\finpro\\finpro-api\\src\\generated\\prisma\\runtime\\library.js:124:6300)\n    at async a (D:\\Ridho\\finpro\\finpro-api\\src\\generated\\prisma\\runtime\\library.js:133:9551)",
  "path": "/api/properties/search?sortBy=name&sortOrder=asc&page=1&limit=12",
  "method": "GET",
  "ip": "::1",
  "statusCode": 500
}
[2025-10-03 14:20:10] ERROR: GET /api/tenant/properties/cities - Internal server error. Please try again later!  {
  "name": "PrismaClientKnownRequestError",
  "stack": "PrismaClientKnownRequestError: \nInvalid `prisma.properties.findMany()` invocation in\nD:\\Ridho\\finpro\\finpro-api\\src\\services\\property.service.ts:298:44\n\n  295 }\n  296 \n  297 async getCities() {\n→ 298   const cities = await prisma.properties.findMany(\nCan't reach database server at `aws-1-ap-southeast-1.pooler.supabase.com:6543`\n\nPlease make sure your database server is running at `aws-1-ap-southeast-1.pooler.supabase.com:6543`.\n    at ei.handleRequestError (D:\\Ridho\\finpro\\finpro-api\\src\\generated\\prisma\\runtime\\library.js:124:7268)\n    at ei.handleAndLogRequestError (D:\\Ridho\\finpro\\finpro-api\\src\\generated\\prisma\\runtime\\library.js:124:6593)\n    at ei.request (D:\\Ridho\\finpro\\finpro-api\\src\\generated\\prisma\\runtime\\library.js:124:6300)\n    at async a (D:\\Ridho\\finpro\\finpro-api\\src\\generated\\prisma\\runtime\\library.js:133:9551)",
  "path": "/api/tenant/properties/cities",
  "method": "GET",
  "ip": "::1",
  "statusCode": 500
}
[2025-10-03 14:20:10] ERROR: GET /api/properties/search?sortBy=name&sortOrder=asc&page=1&limit=12 - Internal server error. Please try again later!  {
  "name": "PrismaClientKnownRequestError",
  "stack": "PrismaClientKnownRequestError: \nInvalid `prisma.properties.count()` invocation in\nD:\\Ridho\\finpro\\finpro-api\\src\\services\\property-catalog.service.ts:53:53\n\n  50 };\n  51 \n  52 // First, get total count of properties matching base criteria\n→ 53 const totalProperties = await prisma.properties.count(\nCan't reach database server at `aws-1-ap-southeast-1.pooler.supabase.com:6543`\n\nPlease make sure your database server is running at `aws-1-ap-southeast-1.pooler.supabase.com:6543`.\n    at ei.handleRequestError (D:\\Ridho\\finpro\\finpro-api\\src\\generated\\prisma\\runtime\\library.js:124:7268)\n    at ei.handleAndLogRequestError (D:\\Ridho\\finpro\\finpro-api\\src\\generated\\prisma\\runtime\\library.js:124:6593)\n    at ei.request (D:\\Ridho\\finpro\\finpro-api\\src\\generated\\prisma\\runtime\\library.js:124:6300)\n    at async a (D:\\Ridho\\finpro\\finpro-api\\src\\generated\\prisma\\runtime\\library.js:133:9551)",
  "path": "/api/properties/search?sortBy=name&sortOrder=asc&page=1&limit=12",
  "method": "GET",
  "ip": "::1",
  "statusCode": 500
}
[2025-10-03 14:20:27] ERROR: GET /api/tenant/properties/cities - Internal server error. Please try again later!  {
  "name": "PrismaClientKnownRequestError",
  "stack": "PrismaClientKnownRequestError: \nInvalid `prisma.properties.findMany()` invocation in\nD:\\Ridho\\finpro\\finpro-api\\src\\services\\property.service.ts:298:44\n\n  295 }\n  296 \n  297 async getCities() {\n→ 298   const cities = await prisma.properties.findMany(\nCan't reach database server at `aws-1-ap-southeast-1.pooler.supabase.com:6543`\n\nPlease make sure your database server is running at `aws-1-ap-southeast-1.pooler.supabase.com:6543`.\n    at ei.handleRequestError (D:\\Ridho\\finpro\\finpro-api\\src\\generated\\prisma\\runtime\\library.js:124:7268)\n    at ei.handleAndLogRequestError (D:\\Ridho\\finpro\\finpro-api\\src\\generated\\prisma\\runtime\\library.js:124:6593)\n    at ei.request (D:\\Ridho\\finpro\\finpro-api\\src\\generated\\prisma\\runtime\\library.js:124:6300)\n    at async a (D:\\Ridho\\finpro\\finpro-api\\src\\generated\\prisma\\runtime\\library.js:133:9551)",
  "path": "/api/tenant/properties/cities",
  "method": "GET",
  "ip": "::1",
  "statusCode": 500
}
[2025-10-03 14:20:27] ERROR: GET /api/properties/search?sortBy=name&sortOrder=asc&page=1&limit=12 - Internal server error. Please try again later!  {
  "name": "PrismaClientKnownRequestError",
  "stack": "PrismaClientKnownRequestError: \nInvalid `prisma.properties.count()` invocation in\nD:\\Ridho\\finpro\\finpro-api\\src\\services\\property-catalog.service.ts:53:53\n\n  50 };\n  51 \n  52 // First, get total count of properties matching base criteria\n→ 53 const totalProperties = await prisma.properties.count(\nCan't reach database server at `aws-1-ap-southeast-1.pooler.supabase.com:6543`\n\nPlease make sure your database server is running at `aws-1-ap-southeast-1.pooler.supabase.com:6543`.\n    at ei.handleRequestError (D:\\Ridho\\finpro\\finpro-api\\src\\generated\\prisma\\runtime\\library.js:124:7268)\n    at ei.handleAndLogRequestError (D:\\Ridho\\finpro\\finpro-api\\src\\generated\\prisma\\runtime\\library.js:124:6593)\n    at ei.request (D:\\Ridho\\finpro\\finpro-api\\src\\generated\\prisma\\runtime\\library.js:124:6300)\n    at async a (D:\\Ridho\\finpro\\finpro-api\\src\\generated\\prisma\\runtime\\library.js:133:9551)",
  "path": "/api/properties/search?sortBy=name&sortOrder=asc&page=1&limit=12",
  "method": "GET",
  "ip": "::1",
  "statusCode": 500
}
[2025-10-03 14:20:32] ERROR: GET /api/tenant/properties/cities - Internal server error. Please try again later!  {
  "name": "PrismaClientKnownRequestError",
  "stack": "PrismaClientKnownRequestError: \nInvalid `prisma.properties.findMany()` invocation in\nD:\\Ridho\\finpro\\finpro-api\\src\\services\\property.service.ts:298:44\n\n  295 }\n  296 \n  297 async getCities() {\n→ 298   const cities = await prisma.properties.findMany(\nCan't reach database server at `aws-1-ap-southeast-1.pooler.supabase.com:6543`\n\nPlease make sure your database server is running at `aws-1-ap-southeast-1.pooler.supabase.com:6543`.\n    at ei.handleRequestError (D:\\Ridho\\finpro\\finpro-api\\src\\generated\\prisma\\runtime\\library.js:124:7268)\n    at ei.handleAndLogRequestError (D:\\Ridho\\finpro\\finpro-api\\src\\generated\\prisma\\runtime\\library.js:124:6593)\n    at ei.request (D:\\Ridho\\finpro\\finpro-api\\src\\generated\\prisma\\runtime\\library.js:124:6300)\n    at async a (D:\\Ridho\\finpro\\finpro-api\\src\\generated\\prisma\\runtime\\library.js:133:9551)",
  "path": "/api/tenant/properties/cities",
  "method": "GET",
  "ip": "::1",
  "statusCode": 500
}
[2025-10-03 14:20:33] ERROR: GET /api/properties/search?sortBy=name&sortOrder=asc&page=1&limit=12 - Internal server error. Please try again later!  {
  "name": "PrismaClientKnownRequestError",
  "stack": "PrismaClientKnownRequestError: \nInvalid `prisma.properties.count()` invocation in\nD:\\Ridho\\finpro\\finpro-api\\src\\services\\property-catalog.service.ts:53:53\n\n  50 };\n  51 \n  52 // First, get total count of properties matching base criteria\n→ 53 const totalProperties = await prisma.properties.count(\nCan't reach database server at `aws-1-ap-southeast-1.pooler.supabase.com:6543`\n\nPlease make sure your database server is running at `aws-1-ap-southeast-1.pooler.supabase.com:6543`.\n    at ei.handleRequestError (D:\\Ridho\\finpro\\finpro-api\\src\\generated\\prisma\\runtime\\library.js:124:7268)\n    at ei.handleAndLogRequestError (D:\\Ridho\\finpro\\finpro-api\\src\\generated\\prisma\\runtime\\library.js:124:6593)\n    at ei.request (D:\\Ridho\\finpro\\finpro-api\\src\\generated\\prisma\\runtime\\library.js:124:6300)\n    at async a (D:\\Ridho\\finpro\\finpro-api\\src\\generated\\prisma\\runtime\\library.js:133:9551)",
  "path": "/api/properties/search?sortBy=name&sortOrder=asc&page=1&limit=12",
  "method": "GET",
  "ip": "::1",
  "statusCode": 500
}
