[2025-10-10 08:40:08] ERROR: GET /properties/search?city=all&checkIn=2025-10-13&checkOut=2025-10-14&guests=2&categoryId=NaN&sortBy=name&sortOrder=asc&page=1&limit=12 - Category ID must be a number  {
  "name": "AppError",
  "stack": "AppError: Category ID must be a number\n    at new AppError (D:\\Ridho\\finpro\\finpro-api\\src\\utils\\app.error.ts:14:11)\n    at Function.<anonymous> (D:\\Ridho\\finpro\\finpro-api\\src\\middlewares\\validation.middleware.ts:13:15)\n    at Generator.next (<anonymous>)\n    at fulfilled (D:\\Ridho\\finpro\\finpro-api\\src\\middlewares\\validation.middleware.ts:5:58)\n    at processTicksAndRejections (node:internal/process/task_queues:105:5)",
  "path": "/properties/search?city=all&checkIn=2025-10-13&checkOut=2025-10-14&guests=2&categoryId=NaN&sortBy=name&sortOrder=asc&page=1&limit=12",
  "method": "GET",
  "ip": "::1",
  "statusCode": 400
}
[2025-10-10 08:43:43] ERROR: GET /properties/search?city=all&checkIn=2025-10-13&checkOut=2025-10-14&categoryId=NaN&sortBy=name&sortOrder=asc&page=1&limit=12 - Category ID must be a number  {
  "name": "AppError",
  "stack": "AppError: Category ID must be a number\n    at new AppError (D:\\Ridho\\finpro\\finpro-api\\src\\utils\\app.error.ts:14:11)\n    at Function.<anonymous> (D:\\Ridho\\finpro\\finpro-api\\src\\middlewares\\validation.middleware.ts:13:15)\n    at Generator.next (<anonymous>)\n    at fulfilled (D:\\Ridho\\finpro\\finpro-api\\src\\middlewares\\validation.middleware.ts:5:58)\n    at processTicksAndRejections (node:internal/process/task_queues:105:5)",
  "path": "/properties/search?city=all&checkIn=2025-10-13&checkOut=2025-10-14&categoryId=NaN&sortBy=name&sortOrder=asc&page=1&limit=12",
  "method": "GET",
  "ip": "::1",
  "statusCode": 400
}
[2025-10-10 09:08:58] WARN: 404 Not Found  {
  "method": "GET",
  "path": "/api/properties/13/detail?",
  "ip": "::1"
}
[2025-10-10 09:08:58] WARN: 404 Not Found  {
  "method": "GET",
  "path": "/api/properties/13/detail?",
  "ip": "::1"
}
[2025-10-10 09:09:01] WARN: 404 Not Found  {
  "method": "GET",
  "path": "/api/properties/search?limit=6&sortBy=price&sortOrder=desc",
  "ip": "::1"
}
[2025-10-10 09:09:01] WARN: 404 Not Found  {
  "method": "GET",
  "path": "/api/properties/cities",
  "ip": "::1"
}
[2025-10-10 09:09:01] WARN: 404 Not Found  {
  "method": "GET",
  "path": "/api/properties/search?limit=6&sortBy=price&sortOrder=desc",
  "ip": "::1"
}
[2025-10-10 09:09:01] WARN: 404 Not Found  {
  "method": "GET",
  "path": "/api/properties/cities",
  "ip": "::1"
}
[2025-10-10 09:09:01] WARN: 404 Not Found  {
  "method": "GET",
  "path": "/api/properties/cities",
  "ip": "::1"
}
[2025-10-10 09:09:01] WARN: 404 Not Found  {
  "method": "GET",
  "path": "/api/properties/cities",
  "ip": "::1"
}
[2025-10-10 09:10:19] WARN: 404 Not Found  {
  "method": "GET",
  "path": "/api/properties/cities",
  "ip": "::1"
}
[2025-10-10 09:10:19] WARN: 404 Not Found  {
  "method": "GET",
  "path": "/api/properties/search?limit=6&sortBy=price&sortOrder=desc",
  "ip": "::1"
}
[2025-10-10 09:10:19] WARN: 404 Not Found  {
  "method": "GET",
  "path": "/api/properties/cities",
  "ip": "::1"
}
[2025-10-10 09:10:19] WARN: 404 Not Found  {
  "method": "GET",
  "path": "/api/properties/search?limit=6&sortBy=price&sortOrder=desc",
  "ip": "::1"
}
[2025-10-10 09:10:19] WARN: 404 Not Found  {
  "method": "GET",
  "path": "/api/properties/cities",
  "ip": "::1"
}
[2025-10-10 09:10:19] WARN: 404 Not Found  {
  "method": "GET",
  "path": "/api/properties/cities",
  "ip": "::1"
}
[2025-10-10 09:10:43] WARN: 404 Not Found  {
  "method": "GET",
  "path": "/api/properties/cities",
  "ip": "::1"
}
[2025-10-10 09:10:43] WARN: 404 Not Found  {
  "method": "GET",
  "path": "/api/properties/search?limit=6&sortBy=price&sortOrder=desc",
  "ip": "::1"
}
[2025-10-10 09:10:43] WARN: 404 Not Found  {
  "method": "GET",
  "path": "/api/properties/cities",
  "ip": "::1"
}
[2025-10-10 09:10:43] WARN: 404 Not Found  {
  "method": "GET",
  "path": "/api/properties/search?limit=6&sortBy=price&sortOrder=desc",
  "ip": "::1"
}
[2025-10-10 09:10:43] WARN: 404 Not Found  {
  "method": "GET",
  "path": "/api/properties/cities",
  "ip": "::1"
}
[2025-10-10 09:10:43] WARN: 404 Not Found  {
  "method": "GET",
  "path": "/api/properties/cities",
  "ip": "::1"
}
[2025-10-10 09:19:39] ERROR: POST /auth/register - Internal server error. Please try again later!  {
  "name": "TypeError",
  "stack": "TypeError: Cannot read properties of undefined (reading 'sendMail')\n    at Function.<anonymous> (D:\\Ridho\\finpro\\finpro-api\\src\\utils\\email.util.ts:33:28)\n    at Generator.next (<anonymous>)\n    at D:\\Ridho\\finpro\\finpro-api\\src\\utils\\email.util.ts:8:71\n    at new Promise (<anonymous>)\n    at __awaiter (D:\\Ridho\\finpro\\finpro-api\\src\\utils\\email.util.ts:4:12)\n    at Function.send (D:\\Ridho\\finpro\\finpro-api\\src\\utils\\email.util.ts:38:16)\n    at AuthService.<anonymous> (D:\\Ridho\\finpro\\finpro-api\\src\\services\\auth.service.ts:205:21)\n    at Generator.next (<anonymous>)\n    at fulfilled (D:\\Ridho\\finpro\\finpro-api\\src\\services\\auth.service.ts:5:58)",
  "path": "/auth/register",
  "method": "POST",
  "ip": "::1",
  "statusCode": 500
}
[2025-10-10 09:20:13] ERROR: POST /auth/register - Email already registered  {
  "name": "AppError",
  "stack": "AppError: Email already registered\n    at new AppError (D:\\Ridho\\finpro\\finpro-api\\src\\utils\\app.error.ts:14:11)\n    at AuthService.<anonymous> (D:\\Ridho\\finpro\\finpro-api\\src\\services\\auth.service.ts:167:13)\n    at Generator.next (<anonymous>)\n    at fulfilled (D:\\Ridho\\finpro\\finpro-api\\src\\services\\auth.service.ts:5:58)",
  "path": "/auth/register",
  "method": "POST",
  "ip": "::1",
  "statusCode": 400
}
[2025-10-10 09:21:09] ERROR: POST /auth/register - Internal server error. Please try again later!  {
  "name": "TypeError",
  "stack": "TypeError: Cannot read properties of undefined (reading 'sendMail')\n    at Function.<anonymous> (D:\\Ridho\\finpro\\finpro-api\\src\\utils\\email.util.ts:33:28)\n    at Generator.next (<anonymous>)\n    at D:\\Ridho\\finpro\\finpro-api\\src\\utils\\email.util.ts:8:71\n    at new Promise (<anonymous>)\n    at __awaiter (D:\\Ridho\\finpro\\finpro-api\\src\\utils\\email.util.ts:4:12)\n    at Function.send (D:\\Ridho\\finpro\\finpro-api\\src\\utils\\email.util.ts:38:16)\n    at AuthService.<anonymous> (D:\\Ridho\\finpro\\finpro-api\\src\\services\\auth.service.ts:205:21)\n    at Generator.next (<anonymous>)\n    at fulfilled (D:\\Ridho\\finpro\\finpro-api\\src\\services\\auth.service.ts:5:58)",
  "path": "/auth/register",
  "method": "POST",
  "ip": "::1",
  "statusCode": 500
}
[2025-10-10 09:21:48] ERROR: POST /auth/register - Internal server error. Please try again later!  {
  "name": "TypeError",
  "stack": "TypeError: Cannot read properties of undefined (reading 'sendMail')\n    at Function.<anonymous> (D:\\Ridho\\finpro\\finpro-api\\src\\utils\\email.util.ts:33:28)\n    at Generator.next (<anonymous>)\n    at D:\\Ridho\\finpro\\finpro-api\\src\\utils\\email.util.ts:8:71\n    at new Promise (<anonymous>)\n    at __awaiter (D:\\Ridho\\finpro\\finpro-api\\src\\utils\\email.util.ts:4:12)\n    at Function.send (D:\\Ridho\\finpro\\finpro-api\\src\\utils\\email.util.ts:38:16)\n    at AuthService.<anonymous> (D:\\Ridho\\finpro\\finpro-api\\src\\services\\auth.service.ts:205:21)\n    at Generator.next (<anonymous>)\n    at fulfilled (D:\\Ridho\\finpro\\finpro-api\\src\\services\\auth.service.ts:5:58)",
  "path": "/auth/register",
  "method": "POST",
  "ip": "::1",
  "statusCode": 500
}
[2025-10-10 09:24:25] ERROR: POST /auth/register - Internal server error. Please try again later!  {
  "name": "TypeError",
  "stack": "TypeError: Cannot read properties of undefined (reading 'sendMail')\n    at Function.<anonymous> (D:\\Ridho\\finpro\\finpro-api\\src\\utils\\email.util.ts:33:28)\n    at Generator.next (<anonymous>)\n    at D:\\Ridho\\finpro\\finpro-api\\src\\utils\\email.util.ts:8:71\n    at new Promise (<anonymous>)\n    at __awaiter (D:\\Ridho\\finpro\\finpro-api\\src\\utils\\email.util.ts:4:12)\n    at Function.send (D:\\Ridho\\finpro\\finpro-api\\src\\utils\\email.util.ts:38:16)\n    at AuthService.<anonymous> (D:\\Ridho\\finpro\\finpro-api\\src\\services\\auth.service.ts:205:21)\n    at Generator.next (<anonymous>)\n    at fulfilled (D:\\Ridho\\finpro\\finpro-api\\src\\services\\auth.service.ts:5:58)",
  "path": "/auth/register",
  "method": "POST",
  "ip": "::1",
  "statusCode": 500
}
[2025-10-10 10:17:42] ERROR: POST /auth/login - Internal server error. Please try again later!  {
  "name": "Error",
  "stack": "Error: JWT_SECRET is not defined in environment variables\n    at Function.generateToken (D:\\Ridho\\finpro\\finpro-api\\src\\utils\\jwt.util.ts:7:13)\n    at AuthService.<anonymous> (D:\\Ridho\\finpro\\finpro-api\\src\\services\\auth.service.ts:382:27)\n    at Generator.next (<anonymous>)\n    at fulfilled (D:\\Ridho\\finpro\\finpro-api\\src\\services\\auth.service.ts:5:58)",
  "path": "/auth/login",
  "method": "POST",
  "ip": "::1",
  "statusCode": 500
}
[2025-10-10 10:18:42] ERROR: POST /auth/login - Internal server error. Please try again later!  {
  "name": "Error",
  "stack": "Error: JWT_SECRET is not defined in environment variables\n    at Function.generateToken (D:\\Ridho\\finpro\\finpro-api\\src\\utils\\jwt.util.ts:7:13)\n    at AuthService.<anonymous> (D:\\Ridho\\finpro\\finpro-api\\src\\services\\auth.service.ts:382:27)\n    at Generator.next (<anonymous>)\n    at fulfilled (D:\\Ridho\\finpro\\finpro-api\\src\\services\\auth.service.ts:5:58)",
  "path": "/auth/login",
  "method": "POST",
  "ip": "::1",
  "statusCode": 500
}
[2025-10-10 10:20:29] ERROR: POST /auth/login - Internal server error. Please try again later!  {
  "name": "Error",
  "stack": "Error: JWT_SECRET is not defined in environment variables\n    at Function.generateToken (D:\\Ridho\\finpro\\finpro-api\\src\\utils\\jwt.util.ts:7:13)\n    at AuthService.<anonymous> (D:\\Ridho\\finpro\\finpro-api\\src\\services\\auth.service.ts:382:27)\n    at Generator.next (<anonymous>)\n    at fulfilled (D:\\Ridho\\finpro\\finpro-api\\src\\services\\auth.service.ts:5:58)",
  "path": "/auth/login",
  "method": "POST",
  "ip": "::1",
  "statusCode": 500
}
[2025-10-10 10:22:20] ERROR: POST /auth/login - Internal server error. Please try again later!  {
  "name": "Error",
  "stack": "Error: JWT_SECRET is not defined in environment variables\n    at Function.generateToken (D:\\Ridho\\finpro\\finpro-api\\src\\utils\\jwt.util.ts:7:13)\n    at AuthService.<anonymous> (D:\\Ridho\\finpro\\finpro-api\\src\\services\\auth.service.ts:382:27)\n    at Generator.next (<anonymous>)\n    at fulfilled (D:\\Ridho\\finpro\\finpro-api\\src\\services\\auth.service.ts:5:58)",
  "path": "/auth/login",
  "method": "POST",
  "ip": "::1",
  "statusCode": 500
}
[2025-10-10 10:22:40] ERROR: POST /auth/login - Internal server error. Please try again later!  {
  "name": "Error",
  "stack": "Error: JWT_SECRET is not defined in environment variables\n    at Function.generateToken (D:\\Ridho\\finpro\\finpro-api\\src\\utils\\jwt.util.ts:7:13)\n    at AuthService.<anonymous> (D:\\Ridho\\finpro\\finpro-api\\src\\services\\auth.service.ts:382:27)\n    at Generator.next (<anonymous>)\n    at fulfilled (D:\\Ridho\\finpro\\finpro-api\\src\\services\\auth.service.ts:5:58)",
  "path": "/auth/login",
  "method": "POST",
  "ip": "::1",
  "statusCode": 500
}
[2025-10-10 10:23:23] ERROR: POST /auth/login - Internal server error. Please try again later!  {
  "name": "Error",
  "stack": "Error: JWT_SECRET is not defined in environment variables\n    at Function.generateToken (D:\\Ridho\\finpro\\finpro-api\\src\\utils\\jwt.util.ts:7:13)\n    at AuthService.<anonymous> (D:\\Ridho\\finpro\\finpro-api\\src\\services\\auth.service.ts:382:27)\n    at Generator.next (<anonymous>)\n    at fulfilled (D:\\Ridho\\finpro\\finpro-api\\src\\services\\auth.service.ts:5:58)",
  "path": "/auth/login",
  "method": "POST",
  "ip": "::1",
  "statusCode": 500
}
[2025-10-10 10:24:57] ERROR: POST /auth/login - Internal server error. Please try again later!  {
  "name": "Error",
  "stack": "Error: JWT_SECRET is not defined in environment variables\n    at Function.generateToken (D:\\Ridho\\finpro\\finpro-api\\src\\utils\\jwt.util.ts:7:13)\n    at AuthService.<anonymous> (D:\\Ridho\\finpro\\finpro-api\\src\\services\\auth.service.ts:382:27)\n    at Generator.next (<anonymous>)\n    at fulfilled (D:\\Ridho\\finpro\\finpro-api\\src\\services\\auth.service.ts:5:58)",
  "path": "/auth/login",
  "method": "POST",
  "ip": "::1",
  "statusCode": 500
}
[2025-10-10 11:12:51] ERROR: POST /auth/register - Invalid email format  {
  "name": "AppError",
  "stack": "AppError: Invalid email format\n    at new AppError (D:\\Ridho\\finpro\\finpro-api\\src\\utils\\app.error.ts:14:11)\n    at Function.<anonymous> (D:\\Ridho\\finpro\\finpro-api\\src\\middlewares\\validation.middleware.ts:13:15)\n    at Generator.next (<anonymous>)\n    at fulfilled (D:\\Ridho\\finpro\\finpro-api\\src\\middlewares\\validation.middleware.ts:5:58)\n    at processTicksAndRejections (node:internal/process/task_queues:105:5)",
  "path": "/auth/register",
  "method": "POST",
  "ip": "::1",
  "statusCode": 400
}
[2025-10-10 11:14:33] ERROR: POST /auth/register - Invalid email format  {
  "name": "AppError",
  "stack": "AppError: Invalid email format\n    at new AppError (D:\\Ridho\\finpro\\finpro-api\\src\\utils\\app.error.ts:14:11)\n    at Function.<anonymous> (D:\\Ridho\\finpro\\finpro-api\\src\\middlewares\\validation.middleware.ts:13:15)\n    at Generator.next (<anonymous>)\n    at fulfilled (D:\\Ridho\\finpro\\finpro-api\\src\\middlewares\\validation.middleware.ts:5:58)\n    at processTicksAndRejections (node:internal/process/task_queues:105:5)",
  "path": "/auth/register",
  "method": "POST",
  "ip": "::1",
  "statusCode": 400
}
[2025-10-10 14:12:31] ERROR: POST /transactions - invalid signature  {
  "name": "JsonWebTokenError",
  "stack": "JsonWebTokenError: invalid signature\n    at D:\\Ridho\\finpro\\finpro-api\\node_modules\\jsonwebtoken\\verify.js:171:19\n    at getSecret (D:\\Ridho\\finpro\\finpro-api\\node_modules\\jsonwebtoken\\verify.js:97:14)\n    at Object.module.exports [as verify] (D:\\Ridho\\finpro\\finpro-api\\node_modules\\jsonwebtoken\\verify.js:101:10)\n    at D:\\Ridho\\finpro\\finpro-api\\src\\middlewares\\jwt-verify.middleware.ts:22:29\n    at Layer.handleRequest (D:\\Ridho\\finpro\\finpro-api\\node_modules\\router\\lib\\layer.js:152:17)\n    at next (D:\\Ridho\\finpro\\finpro-api\\node_modules\\router\\lib\\route.js:157:13)\n    at Route.dispatch (D:\\Ridho\\finpro\\finpro-api\\node_modules\\router\\lib\\route.js:117:3)\n    at handle (D:\\Ridho\\finpro\\finpro-api\\node_modules\\router\\index.js:435:11)\n    at Layer.handleRequest (D:\\Ridho\\finpro\\finpro-api\\node_modules\\router\\lib\\layer.js:152:17)\n    at D:\\Ridho\\finpro\\finpro-api\\node_modules\\router\\index.js:295:15",
  "path": "/transactions",
  "method": "POST",
  "ip": "::1",
  "statusCode": 401
}
