[2025-09-22 16:52:03] WARN: 404 Not Found  {
  "method": "PUT",
  "path": "/api/transactions/8/confirm%0A",
  "ip": "::1"
}
[2025-09-22 16:52:27] WARN: 404 Not Found  {
  "method": "PUT",
  "path": "/api/transactions/8/confirm%0A",
  "ip": "::1"
}
[2025-09-22 16:53:10] WARN: 404 Not Found  {
  "method": "PUT",
  "path": "/api/transactions/8/confirm%0A",
  "ip": "::1"
}
[2025-09-22 16:56:17] WARN: 404 Not Found  {
  "method": "PUT",
  "path": "/api/transactions/8/confirm%0A",
  "ip": "::1"
}
[2025-09-22 16:57:07] WARN: 404 Not Found  {
  "method": "PUT",
  "path": "/api/transactions/8/confirm%0A",
  "ip": "::1"
}
