[2025-09-17 12:13:45] ERROR: POST /api/transactions/7/payment-proof - Internal server error. Please try again later!  {
  "name": "MulterError",
  "stack": "MulterError: Field name missing\n    at abortWithCode (/Users/fachrifatahlukman/Desktop/final-project-1/finpro-api/node_modules/multer/lib/make-middleware.js:85:22)\n    at Multipart.<anonymous> (/Users/fachrifatahlukman/Desktop/final-project-1/finpro-api/node_modules/multer/lib/make-middleware.js:113:37)\n    at Multipart.emit (node:events:517:28)\n    at Multipart.emit (node:domain:489:12)\n    at HeaderParser.cb (/Users/fachrifatahlukman/Desktop/final-project-1/finpro-api/node_modules/busboy/lib/types/multipart.js:358:14)\n    at HeaderParser.push (/Users/fachrifatahlukman/Desktop/final-project-1/finpro-api/node_modules/busboy/lib/types/multipart.js:162:20)\n    at SBMH.ssCb [as _cb] (/Users/fachrifatahlukman/Desktop/final-project-1/finpro-api/node_modules/busboy/lib/types/multipart.js:394:37)\n    at feed (/Users/fachrifatahlukman/Desktop/final-project-1/finpro-api/node_modules/streamsearch/lib/sbmh.js:248:10)\n    at SBMH.push (/Users/fachrifatahlukman/Desktop/final-project-1/finpro-api/node_modules/streamsearch/lib/sbmh.js:104:16)\n    at Multipart._write (/Users/fachrifatahlukman/Desktop/final-project-1/finpro-api/node_modules/busboy/lib/types/multipart.js:567:19)",
  "path": "/api/transactions/7/payment-proof",
  "method": "POST",
  "ip": "::1",
  "statusCode": 500
}
[2025-09-17 12:16:57] WARN: 404 Not Found  {
  "method": "GET",
  "path": "/api/transactions/7/payment-proof",
  "ip": "::1"
}
[2025-09-17 12:55:04] ERROR: POST /api/transactions/7/payment-proof - Internal server error. Please try again later!  {
  "name": "MulterError",
  "stack": "MulterError: Field name missing\n    at abortWithCode (/Users/fachrifatahlukman/Desktop/final-project-1/finpro-api/node_modules/multer/lib/make-middleware.js:85:22)\n    at Multipart.<anonymous> (/Users/fachrifatahlukman/Desktop/final-project-1/finpro-api/node_modules/multer/lib/make-middleware.js:113:37)\n    at Multipart.emit (node:events:517:28)\n    at Multipart.emit (node:domain:489:12)\n    at HeaderParser.cb (/Users/fachrifatahlukman/Desktop/final-project-1/finpro-api/node_modules/busboy/lib/types/multipart.js:358:14)\n    at HeaderParser.push (/Users/fachrifatahlukman/Desktop/final-project-1/finpro-api/node_modules/busboy/lib/types/multipart.js:162:20)\n    at SBMH.ssCb [as _cb] (/Users/fachrifatahlukman/Desktop/final-project-1/finpro-api/node_modules/busboy/lib/types/multipart.js:394:37)\n    at feed (/Users/fachrifatahlukman/Desktop/final-project-1/finpro-api/node_modules/streamsearch/lib/sbmh.js:248:10)\n    at SBMH.push (/Users/fachrifatahlukman/Desktop/final-project-1/finpro-api/node_modules/streamsearch/lib/sbmh.js:104:16)\n    at Multipart._write (/Users/fachrifatahlukman/Desktop/final-project-1/finpro-api/node_modules/busboy/lib/types/multipart.js:567:19)",
  "path": "/api/transactions/7/payment-proof",
  "method": "POST",
  "ip": "::1",
  "statusCode": 500
}
[2025-09-17 12:59:12] ERROR: POST /api/transactions/7/payment-proof - Internal server error. Please try again later!  {
  "name": "MulterError",
  "stack": "MulterError: Unexpected field\n    at wrappedFileFilter (/Users/fachrifatahlukman/Desktop/final-project-1/finpro-api/node_modules/multer/index.js:40:19)\n    at Multipart.<anonymous> (/Users/fachrifatahlukman/Desktop/final-project-1/finpro-api/node_modules/multer/lib/make-middleware.js:132:7)\n    at Multipart.emit (node:events:517:28)\n    at Multipart.emit (node:domain:489:12)\n    at HeaderParser.cb (/Users/fachrifatahlukman/Desktop/final-project-1/finpro-api/node_modules/busboy/lib/types/multipart.js:358:14)\n    at HeaderParser.push (/Users/fachrifatahlukman/Desktop/final-project-1/finpro-api/node_modules/busboy/lib/types/multipart.js:162:20)\n    at SBMH.ssCb [as _cb] (/Users/fachrifatahlukman/Desktop/final-project-1/finpro-api/node_modules/busboy/lib/types/multipart.js:394:37)\n    at feed (/Users/fachrifatahlukman/Desktop/final-project-1/finpro-api/node_modules/streamsearch/lib/sbmh.js:248:10)\n    at SBMH.push (/Users/fachrifatahlukman/Desktop/final-project-1/finpro-api/node_modules/streamsearch/lib/sbmh.js:104:16)\n    at Multipart._write (/Users/fachrifatahlukman/Desktop/final-project-1/finpro-api/node_modules/busboy/lib/types/multipart.js:567:19)",
  "path": "/api/transactions/7/payment-proof",
  "method": "POST",
  "ip": "::1",
  "statusCode": 500
}
[2025-09-17 13:00:59] ERROR: POST /api/transactions/7/payment-proof - Internal server error. Please try again later!  {
  "name": "MulterError",
  "stack": "MulterError: Unexpected field\n    at wrappedFileFilter (/Users/fachrifatahlukman/Desktop/final-project-1/finpro-api/node_modules/multer/index.js:40:19)\n    at Multipart.<anonymous> (/Users/fachrifatahlukman/Desktop/final-project-1/finpro-api/node_modules/multer/lib/make-middleware.js:132:7)\n    at Multipart.emit (node:events:517:28)\n    at Multipart.emit (node:domain:489:12)\n    at HeaderParser.cb (/Users/fachrifatahlukman/Desktop/final-project-1/finpro-api/node_modules/busboy/lib/types/multipart.js:358:14)\n    at HeaderParser.push (/Users/fachrifatahlukman/Desktop/final-project-1/finpro-api/node_modules/busboy/lib/types/multipart.js:162:20)\n    at SBMH.ssCb [as _cb] (/Users/fachrifatahlukman/Desktop/final-project-1/finpro-api/node_modules/busboy/lib/types/multipart.js:394:37)\n    at feed (/Users/fachrifatahlukman/Desktop/final-project-1/finpro-api/node_modules/streamsearch/lib/sbmh.js:248:10)\n    at SBMH.push (/Users/fachrifatahlukman/Desktop/final-project-1/finpro-api/node_modules/streamsearch/lib/sbmh.js:104:16)\n    at Multipart._write (/Users/fachrifatahlukman/Desktop/final-project-1/finpro-api/node_modules/busboy/lib/types/multipart.js:567:19)",
  "path": "/api/transactions/7/payment-proof",
  "method": "POST",
  "ip": "::1",
  "statusCode": 500
}
[2025-09-17 13:07:15] ERROR: POST /api/transactions/7/payment-proof - Internal server error. Please try again later!  {
  "name": "MulterError",
  "stack": "MulterError: Unexpected field\n    at wrappedFileFilter (/Users/fachrifatahlukman/Desktop/final-project-1/finpro-api/node_modules/multer/index.js:40:19)\n    at Multipart.<anonymous> (/Users/fachrifatahlukman/Desktop/final-project-1/finpro-api/node_modules/multer/lib/make-middleware.js:132:7)\n    at Multipart.emit (node:events:517:28)\n    at Multipart.emit (node:domain:489:12)\n    at HeaderParser.cb (/Users/fachrifatahlukman/Desktop/final-project-1/finpro-api/node_modules/busboy/lib/types/multipart.js:358:14)\n    at HeaderParser.push (/Users/fachrifatahlukman/Desktop/final-project-1/finpro-api/node_modules/busboy/lib/types/multipart.js:162:20)\n    at SBMH.ssCb [as _cb] (/Users/fachrifatahlukman/Desktop/final-project-1/finpro-api/node_modules/busboy/lib/types/multipart.js:394:37)\n    at feed (/Users/fachrifatahlukman/Desktop/final-project-1/finpro-api/node_modules/streamsearch/lib/sbmh.js:248:10)\n    at SBMH.push (/Users/fachrifatahlukman/Desktop/final-project-1/finpro-api/node_modules/streamsearch/lib/sbmh.js:104:16)\n    at Multipart._write (/Users/fachrifatahlukman/Desktop/final-project-1/finpro-api/node_modules/busboy/lib/types/multipart.js:567:19)",
  "path": "/api/transactions/7/payment-proof",
  "method": "POST",
  "ip": "::1",
  "statusCode": 500
}
[2025-09-17 13:12:48] ERROR: POST /api/transactions/7/payment-proof - Internal server error. Please try again later!  {
  "path": "/api/transactions/7/payment-proof",
  "method": "POST",
  "ip": "::1",
  "statusCode": 500
}
[2025-09-17 13:58:01] ERROR: POST /api/transactions/7/payment-proof - Internal server error. Please try again later!  {
  "path": "/api/transactions/7/payment-proof",
  "method": "POST",
  "ip": "::1",
  "statusCode": 500
}
[2025-09-17 14:16:55] ERROR: POST /api/transactions/7/payment-proof - Internal server error. Please try again later!  {
  "path": "/api/transactions/7/payment-proof",
  "method": "POST",
  "ip": "::1",
  "statusCode": 500
}
