[2025-08-05 12:03:22] WARN: 404 Not Found  {
  "method": "GET",
  "path": "/api/samples",
  "ip": "::1"
}
[2025-08-05 12:06:36] ERROR: POST /api/samples - Sample data is not found  {
  "name": "AppError",
  "stack": "AppError: Sample data is not found\n    at new AppError (D:\\Workspace\\minpro-finpro\\pwd-template-api\\src\\utils\\app.error.ts:14:11)\n    at SampleController.<anonymous> (D:\\Workspace\\minpro-finpro\\pwd-template-api\\src\\controllers\\sample.controller.ts:24:30)\n    at Generator.next (<anonymous>)\n    at fulfilled (D:\\Workspace\\minpro-finpro\\pwd-template-api\\src\\controllers\\sample.controller.ts:5:58)\n    at processTicksAndRejections (node:internal/process/task_queues:95:5)",
  "path": "/api/samples",
  "method": "POST",
  "ip": "::1",
  "statusCode": 404
}
{"level":"info","message":"✅ Database connected successfully","service":"property-renting-auth","timestamp":"2025-09-25T04:18:47.970Z"}
{"level":"info","message":"🚀 Server running on port 8000","service":"property-renting-auth","timestamp":"2025-09-25T04:18:47.985Z"}
{"level":"info","message":"📱 Environment: development","service":"property-renting-auth","timestamp":"2025-09-25T04:18:47.987Z"}
{"level":"info","message":"🌐 Frontend URL: http://localhost:3000","service":"property-renting-auth","timestamp":"2025-09-25T04:18:47.988Z"}
{"level":"info","message":"🔄 Shutting down gracefully...","service":"property-renting-auth","timestamp":"2025-09-25T04:28:29.870Z"}
{"level":"info","message":"✅ Database connected successfully","service":"property-renting-auth","timestamp":"2025-09-25T04:28:37.084Z"}
{"level":"info","message":"🚀 Server running on port 8000","service":"property-renting-auth","timestamp":"2025-09-25T04:28:37.097Z"}
{"level":"info","message":"📱 Environment: development","service":"property-renting-auth","timestamp":"2025-09-25T04:28:37.098Z"}
{"level":"info","message":"🌐 Frontend URL: http://localhost:3000","service":"property-renting-auth","timestamp":"2025-09-25T04:28:37.099Z"}
{"level":"info","message":"✅ Database connected successfully","service":"property-renting-auth","timestamp":"2025-09-25T04:29:00.427Z"}
{"level":"info","message":"🚀 Server running on port 8000","service":"property-renting-auth","timestamp":"2025-09-25T04:29:00.440Z"}
{"level":"info","message":"📱 Environment: development","service":"property-renting-auth","timestamp":"2025-09-25T04:29:00.441Z"}
{"level":"info","message":"🌐 Frontend URL: http://localhost:3000","service":"property-renting-auth","timestamp":"2025-09-25T04:29:00.443Z"}
{"clientVersion":"6.16.2","errorCode":"P1001","level":"error","message":"❌ Failed to start server: Can't reach database server at `aws-1-ap-southeast-1.pooler.supabase.com:5432`\n\nPlease make sure your database server is running at `aws-1-ap-southeast-1.pooler.supabase.com:5432`.","name":"PrismaClientInitializationError","service":"property-renting-auth","stack":"PrismaClientInitializationError: Can't reach database server at `aws-1-ap-southeast-1.pooler.supabase.com:5432`\n\nPlease make sure your database server is running at `aws-1-ap-southeast-1.pooler.supabase.com:5432`.\n    at r (D:\\Ridho\\finpro\\finpro-api\\src\\generated\\prisma\\runtime\\library.js:115:2770)","timestamp":"2025-09-25T04:30:52.132Z"}
{"clientVersion":"6.16.2","errorCode":"P1001","level":"error","message":"❌ Failed to start server: Can't reach database server at `aws-1-ap-southeast-1.pooler.supabase.com:5432`\n\nPlease make sure your database server is running at `aws-1-ap-southeast-1.pooler.supabase.com:5432`.","name":"PrismaClientInitializationError","service":"property-renting-auth","stack":"PrismaClientInitializationError: Can't reach database server at `aws-1-ap-southeast-1.pooler.supabase.com:5432`\n\nPlease make sure your database server is running at `aws-1-ap-southeast-1.pooler.supabase.com:5432`.\n    at r (D:\\Ridho\\finpro\\finpro-api\\src\\generated\\prisma\\runtime\\library.js:115:2770)","timestamp":"2025-09-25T04:31:15.033Z"}
{"clientVersion":"6.16.2","errorCode":"P1001","level":"error","message":"❌ Failed to start server: Can't reach database server at `aws-1-ap-southeast-1.pooler.supabase.com:5432`\n\nPlease make sure your database server is running at `aws-1-ap-southeast-1.pooler.supabase.com:5432`.","name":"PrismaClientInitializationError","service":"property-renting-auth","stack":"PrismaClientInitializationError: Can't reach database server at `aws-1-ap-southeast-1.pooler.supabase.com:5432`\n\nPlease make sure your database server is running at `aws-1-ap-southeast-1.pooler.supabase.com:5432`.\n    at r (D:\\Ridho\\finpro\\finpro-api\\src\\generated\\prisma\\runtime\\library.js:115:2770)","timestamp":"2025-09-25T04:33:01.617Z"}
{"level":"info","message":"✅ Database connected successfully","service":"property-renting-auth","timestamp":"2025-09-25T04:35:07.636Z"}
{"level":"info","message":"🚀 Server running on port 8000","service":"property-renting-auth","timestamp":"2025-09-25T04:35:07.649Z"}
{"level":"info","message":"📱 Environment: development","service":"property-renting-auth","timestamp":"2025-09-25T04:35:07.650Z"}
{"level":"info","message":"🌐 Frontend URL: http://localhost:3000","service":"property-renting-auth","timestamp":"2025-09-25T04:35:07.652Z"}
{"level":"info","message":"Verification email sent to john.doe@example.com","service":"property-renting-auth","timestamp":"2025-09-25T04:37:42.676Z"}
{"level":"info","message":"User registered: john.doe@example.com as user","service":"property-renting-auth","timestamp":"2025-09-25T04:37:42.680Z"}
{"level":"info","message":"Verification email sent to jane.smith@example.com","service":"property-renting-auth","timestamp":"2025-09-25T04:40:21.398Z"}
{"level":"info","message":"User registered: jane.smith@example.com as tenant","service":"property-renting-auth","timestamp":"2025-09-25T04:40:21.399Z"}
{"level":"info","message":"Verification email sent to gedigam956@anysilo.com","service":"property-renting-auth","timestamp":"2025-09-25T04:43:14.556Z"}
{"level":"info","message":"User registered: gedigam956@anysilo.com as user","service":"property-renting-auth","timestamp":"2025-09-25T04:43:14.559Z"}
{"level":"info","message":"Welcome email sent to gedigam956@anysilo.com","service":"property-renting-auth","timestamp":"2025-09-25T04:46:14.747Z"}
{"level":"info","message":"User verified and password set: gedigam956@anysilo.com","service":"property-renting-auth","timestamp":"2025-09-25T04:46:14.749Z"}
{"level":"info","message":"User logged in: gedigam956@anysilo.com","service":"property-renting-auth","timestamp":"2025-09-25T04:47:18.277Z"}
{"level":"info","message":"Password reset email sent to gedigam956@anysilo.com","service":"property-renting-auth","timestamp":"2025-09-25T04:49:36.002Z"}
{"level":"info","message":"Password reset requested for: gedigam956@anysilo.com","service":"property-renting-auth","timestamp":"2025-09-25T04:49:36.003Z"}
{"level":"info","message":"Password reset completed for: gedigam956@anysilo.com","service":"property-renting-auth","timestamp":"2025-09-25T04:53:02.119Z"}
{"level":"info","message":"🔄 Shutting down gracefully...","service":"property-renting-auth","timestamp":"2025-09-25T04:58:17.107Z"}
{"level":"info","message":"✅ Database connected successfully","service":"property-renting-auth","timestamp":"2025-09-25T13:50:48.784Z"}
{"level":"info","message":"🚀 Server running on port 8000","service":"property-renting-auth","timestamp":"2025-09-25T13:50:48.797Z"}
{"level":"info","message":"📱 Environment: development","service":"property-renting-auth","timestamp":"2025-09-25T13:50:48.799Z"}
{"level":"info","message":"🌐 Frontend URL: http://localhost:3000","service":"property-renting-auth","timestamp":"2025-09-25T13:50:48.800Z"}
{"level":"info","message":"User logged in: gedigam956@anysilo.com","service":"property-renting-auth","timestamp":"2025-09-25T14:02:49.846Z"}
{"level":"info","message":"Password reset email sent to gedigam956@anysilo.com","service":"property-renting-auth","timestamp":"2025-09-25T14:03:36.454Z"}
{"level":"info","message":"Password reset requested for: gedigam956@anysilo.com","service":"property-renting-auth","timestamp":"2025-09-25T14:03:36.455Z"}
{"level":"info","message":"✅ Database connected successfully","service":"property-renting-auth","timestamp":"2025-09-25T14:16:37.600Z"}
{"level":"info","message":"🚀 Server running on port 8000","service":"property-renting-auth","timestamp":"2025-09-25T14:16:37.613Z"}
{"level":"info","message":"📱 Environment: development","service":"property-renting-auth","timestamp":"2025-09-25T14:16:37.615Z"}
{"level":"info","message":"🌐 Frontend URL: http://localhost:3000","service":"property-renting-auth","timestamp":"2025-09-25T14:16:37.617Z"}
{"level":"info","message":"✅ Database connected successfully","service":"property-renting-auth","timestamp":"2025-09-25T14:16:41.487Z"}
{"level":"info","message":"🚀 Server running on port 8000","service":"property-renting-auth","timestamp":"2025-09-25T14:16:41.499Z"}
{"level":"info","message":"📱 Environment: development","service":"property-renting-auth","timestamp":"2025-09-25T14:16:41.500Z"}
{"level":"info","message":"🌐 Frontend URL: http://localhost:3000","service":"property-renting-auth","timestamp":"2025-09-25T14:16:41.502Z"}
{"level":"info","message":"🔄 Shutting down gracefully...","service":"property-renting-auth","timestamp":"2025-09-25T14:16:51.408Z"}
{"level":"info","message":"✅ Database connected successfully","service":"property-renting-auth","timestamp":"2025-09-25T14:16:58.488Z"}
{"level":"info","message":"🚀 Server running on port 8000","service":"property-renting-auth","timestamp":"2025-09-25T14:16:58.500Z"}
{"level":"info","message":"📱 Environment: development","service":"property-renting-auth","timestamp":"2025-09-25T14:16:58.501Z"}
{"level":"info","message":"🌐 Frontend URL: http://localhost:3000","service":"property-renting-auth","timestamp":"2025-09-25T14:16:58.502Z"}
{"level":"info","message":"Verification email sent to tedid79570@bitmens.com","service":"property-renting-auth","timestamp":"2025-09-25T14:17:50.712Z"}
{"level":"info","message":"User registered: tedid79570@bitmens.com as user","service":"property-renting-auth","timestamp":"2025-09-25T14:17:50.714Z"}
{"level":"info","message":"Verification email sent to hefovol483@auslank.com","service":"property-renting-auth","timestamp":"2025-09-25T14:19:04.312Z"}
{"level":"info","message":"User registered: hefovol483@auslank.com as user","service":"property-renting-auth","timestamp":"2025-09-25T14:19:04.313Z"}
{"level":"info","message":"Welcome email sent to hefovol483@auslank.com","service":"property-renting-auth","timestamp":"2025-09-25T14:25:42.686Z"}
{"level":"info","message":"User verified and password set: hefovol483@auslank.com","service":"property-renting-auth","timestamp":"2025-09-25T14:25:42.688Z"}
{"level":"info","message":"User logged in: hefovol483@auslank.com","service":"property-renting-auth","timestamp":"2025-09-25T14:27:12.472Z"}
{"level":"info","message":"Password reset email sent to hefovol483@auslank.com","service":"property-renting-auth","timestamp":"2025-09-25T14:29:50.002Z"}
{"level":"info","message":"Password reset requested for: hefovol483@auslank.com","service":"property-renting-auth","timestamp":"2025-09-25T14:29:50.003Z"}
{"level":"info","message":"Password reset completed for: hefovol483@auslank.com","service":"property-renting-auth","timestamp":"2025-09-25T14:30:26.739Z"}
{"level":"info","message":"✅ Database connected successfully","service":"property-renting-auth","timestamp":"2025-09-25T14:35:38.042Z"}
{"level":"info","message":"🚀 Server running on port 8000","service":"property-renting-auth","timestamp":"2025-09-25T14:35:38.054Z"}
{"level":"info","message":"📱 Environment: development","service":"property-renting-auth","timestamp":"2025-09-25T14:35:38.056Z"}
{"level":"info","message":"🌐 Frontend URL: http://localhost:3000","service":"property-renting-auth","timestamp":"2025-09-25T14:35:38.057Z"}
{"level":"info","message":"✅ Database connected successfully","service":"property-renting-auth","timestamp":"2025-09-25T14:35:59.133Z"}
{"level":"info","message":"🚀 Server running on port 8000","service":"property-renting-auth","timestamp":"2025-09-25T14:35:59.144Z"}
{"level":"info","message":"📱 Environment: development","service":"property-renting-auth","timestamp":"2025-09-25T14:35:59.145Z"}
{"level":"info","message":"🌐 Frontend URL: http://localhost:3000","service":"property-renting-auth","timestamp":"2025-09-25T14:35:59.146Z"}
{"level":"info","message":"✅ Database connected successfully","service":"property-renting-auth","timestamp":"2025-09-25T14:36:06.302Z"}
{"level":"info","message":"🚀 Server running on port 8000","service":"property-renting-auth","timestamp":"2025-09-25T14:36:06.311Z"}
{"level":"info","message":"📱 Environment: development","service":"property-renting-auth","timestamp":"2025-09-25T14:36:06.312Z"}
{"level":"info","message":"🌐 Frontend URL: http://localhost:3000","service":"property-renting-auth","timestamp":"2025-09-25T14:36:06.313Z"}
{"level":"info","message":"Verification email sent to nojij60174@auslank.com","service":"property-renting-auth","timestamp":"2025-09-25T14:39:34.636Z"}
{"level":"info","message":"User registered: nojij60174@auslank.com as user","service":"property-renting-auth","timestamp":"2025-09-25T14:39:34.638Z"}
{"level":"info","message":"Welcome email sent to nojij60174@auslank.com","service":"property-renting-auth","timestamp":"2025-09-25T14:40:10.418Z"}
{"level":"info","message":"User verified and password set: nojij60174@auslank.com","service":"property-renting-auth","timestamp":"2025-09-25T14:40:10.420Z"}
{"level":"info","message":"User logged in: nojij60174@auslank.com","service":"property-renting-auth","timestamp":"2025-09-25T14:40:35.697Z"}
{"level":"info","message":"Password reset email sent to nojij60174@auslank.com","service":"property-renting-auth","timestamp":"2025-09-25T14:41:03.164Z"}
{"level":"info","message":"Password reset requested for: nojij60174@auslank.com","service":"property-renting-auth","timestamp":"2025-09-25T14:41:03.165Z"}
{"level":"info","message":"Password reset completed for: nojij60174@auslank.com","service":"property-renting-auth","timestamp":"2025-09-25T14:41:45.762Z"}
{"level":"info","message":"User logged in: nojij60174@auslank.com","service":"property-renting-auth","timestamp":"2025-09-25T14:42:02.322Z"}
{"level":"info","message":"🔄 Shutting down gracefully...","service":"property-renting-auth","timestamp":"2025-09-25T14:42:30.661Z"}
{"level":"info","message":"✅ Database connected successfully","service":"property-renting-auth","timestamp":"2025-09-25T17:39:04.988Z"}
{"level":"info","message":"🚀 Server running on port 8000","service":"property-renting-auth","timestamp":"2025-09-25T17:39:04.998Z"}
{"level":"info","message":"📱 Environment: development","service":"property-renting-auth","timestamp":"2025-09-25T17:39:04.999Z"}
{"level":"info","message":"🌐 Frontend URL: http://localhost:3000","service":"property-renting-auth","timestamp":"2025-09-25T17:39:05.000Z"}
{"level":"info","message":"User logged in: nojij60174@auslank.com","service":"property-renting-auth","timestamp":"2025-09-25T17:40:04.578Z"}
{"level":"info","message":"Avatar updated for user ID: 6","service":"property-renting-auth","timestamp":"2025-09-25T17:42:25.166Z"}
{"level":"info","message":"Password updated for user ID: 6","service":"property-renting-auth","timestamp":"2025-09-25T17:43:21.507Z"}
{"level":"info","message":"Password updated for user ID: 6","service":"property-renting-auth","timestamp":"2025-09-25T17:43:51.956Z"}
{"level":"info","message":"🔄 Shutting down gracefully...","service":"property-renting-auth","timestamp":"2025-09-25T17:45:36.132Z"}
{"level":"info","message":"✅ Database connected successfully","service":"property-renting-auth","timestamp":"2025-09-26T05:03:48.680Z"}
{"level":"info","message":"🚀 Server running on port 8000","service":"property-renting-auth","timestamp":"2025-09-26T05:03:48.699Z"}
{"level":"info","message":"📱 Environment: development","service":"property-renting-auth","timestamp":"2025-09-26T05:03:48.701Z"}
{"level":"info","message":"🌐 Frontend URL: http://localhost:3000","service":"property-renting-auth","timestamp":"2025-09-26T05:03:48.702Z"}
{"level":"info","message":"Verification email sent to tenant@example.com","service":"property-renting-auth","timestamp":"2025-09-26T05:10:49.734Z"}
{"level":"info","message":"User registered: tenant@example.com as tenant","service":"property-renting-auth","timestamp":"2025-09-26T05:10:49.735Z"}
{"level":"info","message":"Welcome email sent to tenant@example.com","service":"property-renting-auth","timestamp":"2025-09-26T05:13:21.963Z"}
{"level":"info","message":"User verified and password set: tenant@example.com","service":"property-renting-auth","timestamp":"2025-09-26T05:13:21.964Z"}
{"level":"info","message":"User logged in: tenant@example.com","service":"property-renting-auth","timestamp":"2025-09-26T05:14:33.683Z"}
{"level":"info","message":"User logged in: tenant@example.com","service":"property-renting-auth","timestamp":"2025-09-26T05:22:17.067Z"}
{"level":"info","message":"Category created: Hotel by tenant 7","service":"property-renting-auth","timestamp":"2025-09-26T05:23:12.439Z"}
{"level":"info","message":"Retrieved 1 categories for tenant 7","service":"property-renting-auth","timestamp":"2025-09-26T05:26:00.289Z"}
{"level":"info","message":"Category updated: Luxury Hotel by tenant 7","service":"property-renting-auth","timestamp":"2025-09-26T05:27:20.221Z"}
{"level":"info","message":"Geocoded \" \"Jl. Thamrin No. 1, Jakarta Pusat\"  ,  \"Jakarta\"\" to coordinates: -6.1818, 106.8223","service":"property-renting-auth","timestamp":"2025-09-26T05:39:06.909Z"}
{"level":"info","message":"🔄 Shutting down gracefully...","service":"property-renting-auth","timestamp":"2025-09-26T05:46:09.401Z"}
{"clientVersion":"6.16.2","errorCode":"P1001","level":"error","message":"❌ Failed to start server: Can't reach database server at `aws-1-ap-southeast-1.pooler.supabase.com:5432`\n\nPlease make sure your database server is running at `aws-1-ap-southeast-1.pooler.supabase.com:5432`.","name":"PrismaClientInitializationError","service":"property-renting-auth","stack":"PrismaClientInitializationError: Can't reach database server at `aws-1-ap-southeast-1.pooler.supabase.com:5432`\n\nPlease make sure your database server is running at `aws-1-ap-southeast-1.pooler.supabase.com:5432`.\n    at r (D:\\Ridho\\finpro\\finpro-api\\src\\generated\\prisma\\runtime\\library.js:115:2770)","timestamp":"2025-09-26T05:46:37.236Z"}
{"clientVersion":"6.16.2","errorCode":"P1001","level":"error","message":"❌ Failed to start server: Can't reach database server at `aws-1-ap-southeast-1.pooler.supabase.com:5432`\n\nPlease make sure your database server is running at `aws-1-ap-southeast-1.pooler.supabase.com:5432`.","name":"PrismaClientInitializationError","service":"property-renting-auth","stack":"PrismaClientInitializationError: Can't reach database server at `aws-1-ap-southeast-1.pooler.supabase.com:5432`\n\nPlease make sure your database server is running at `aws-1-ap-southeast-1.pooler.supabase.com:5432`.\n    at r (D:\\Ridho\\finpro\\finpro-api\\src\\generated\\prisma\\runtime\\library.js:115:2770)","timestamp":"2025-09-26T05:47:10.406Z"}
{"clientVersion":"6.16.2","errorCode":"P1001","level":"error","message":"❌ Failed to start server: Can't reach database server at `aws-1-ap-southeast-1.pooler.supabase.com:5432`\n\nPlease make sure your database server is running at `aws-1-ap-southeast-1.pooler.supabase.com:5432`.","name":"PrismaClientInitializationError","service":"property-renting-auth","stack":"PrismaClientInitializationError: Can't reach database server at `aws-1-ap-southeast-1.pooler.supabase.com:5432`\n\nPlease make sure your database server is running at `aws-1-ap-southeast-1.pooler.supabase.com:5432`.\n    at r (D:\\Ridho\\finpro\\finpro-api\\src\\generated\\prisma\\runtime\\library.js:115:2770)","timestamp":"2025-09-26T05:47:44.586Z"}
{"level":"info","message":"✅ Database connected successfully","service":"property-renting-auth","timestamp":"2025-09-26T05:49:09.884Z"}
{"level":"info","message":"🚀 Server running on port 8000","service":"property-renting-auth","timestamp":"2025-09-26T05:49:09.896Z"}
{"level":"info","message":"📱 Environment: development","service":"property-renting-auth","timestamp":"2025-09-26T05:49:09.897Z"}
{"level":"info","message":"🌐 Frontend URL: http://localhost:3000","service":"property-renting-auth","timestamp":"2025-09-26T05:49:09.898Z"}
{"level":"info","message":"Geocoded \" \"Jl. Thamrin No. 1, Jakarta Pusat\"  ,  \"Jakarta\"\" to coordinates: -6.1818, 106.8223","service":"property-renting-auth","timestamp":"2025-09-26T05:49:22.074Z"}
{"level":"info","message":"Property created:  \"Grand Jakarta Hotel\" by tenant 7","service":"property-renting-auth","timestamp":"2025-09-26T05:49:22.302Z"}
{"level":"info","message":"🔄 Shutting down gracefully...","service":"property-renting-auth","timestamp":"2025-09-26T05:59:30.375Z"}
{"clientVersion":"6.16.2","errorCode":"P1001","level":"error","message":"❌ Failed to start server: Can't reach database server at `aws-1-ap-southeast-1.pooler.supabase.com:5432`\n\nPlease make sure your database server is running at `aws-1-ap-southeast-1.pooler.supabase.com:5432`.","name":"PrismaClientInitializationError","service":"property-renting-auth","stack":"PrismaClientInitializationError: Can't reach database server at `aws-1-ap-southeast-1.pooler.supabase.com:5432`\n\nPlease make sure your database server is running at `aws-1-ap-southeast-1.pooler.supabase.com:5432`.\n    at r (D:\\Ridho\\finpro\\finpro-api\\src\\generated\\prisma\\runtime\\library.js:115:2770)","timestamp":"2025-09-26T06:00:20.769Z"}
{"clientVersion":"6.16.2","errorCode":"P1001","level":"error","message":"❌ Failed to start server: Can't reach database server at `aws-1-ap-southeast-1.pooler.supabase.com:5432`\n\nPlease make sure your database server is running at `aws-1-ap-southeast-1.pooler.supabase.com:5432`.","name":"PrismaClientInitializationError","service":"property-renting-auth","stack":"PrismaClientInitializationError: Can't reach database server at `aws-1-ap-southeast-1.pooler.supabase.com:5432`\n\nPlease make sure your database server is running at `aws-1-ap-southeast-1.pooler.supabase.com:5432`.\n    at r (D:\\Ridho\\finpro\\finpro-api\\src\\generated\\prisma\\runtime\\library.js:115:2770)","timestamp":"2025-09-26T06:00:50.017Z"}
{"clientVersion":"6.16.2","errorCode":"P1001","level":"error","message":"❌ Failed to start server: Can't reach database server at `aws-1-ap-southeast-1.pooler.supabase.com:5432`\n\nPlease make sure your database server is running at `aws-1-ap-southeast-1.pooler.supabase.com:5432`.","name":"PrismaClientInitializationError","service":"property-renting-auth","stack":"PrismaClientInitializationError: Can't reach database server at `aws-1-ap-southeast-1.pooler.supabase.com:5432`\n\nPlease make sure your database server is running at `aws-1-ap-southeast-1.pooler.supabase.com:5432`.\n    at r (D:\\Ridho\\finpro\\finpro-api\\src\\generated\\prisma\\runtime\\library.js:115:2770)","timestamp":"2025-09-26T06:01:18.474Z"}
{"clientVersion":"6.16.2","errorCode":"P1001","level":"error","message":"❌ Failed to start server: Can't reach database server at `aws-1-ap-southeast-1.pooler.supabase.com:5432`\n\nPlease make sure your database server is running at `aws-1-ap-southeast-1.pooler.supabase.com:5432`.","name":"PrismaClientInitializationError","service":"property-renting-auth","stack":"PrismaClientInitializationError: Can't reach database server at `aws-1-ap-southeast-1.pooler.supabase.com:5432`\n\nPlease make sure your database server is running at `aws-1-ap-southeast-1.pooler.supabase.com:5432`.\n    at r (D:\\Ridho\\finpro\\finpro-api\\src\\generated\\prisma\\runtime\\library.js:115:2770)","timestamp":"2025-09-26T06:02:07.337Z"}
{"clientVersion":"6.16.2","errorCode":"P1001","level":"error","message":"❌ Failed to start server: Can't reach database server at `aws-1-ap-southeast-1.pooler.supabase.com:5432`\n\nPlease make sure your database server is running at `aws-1-ap-southeast-1.pooler.supabase.com:5432`.","name":"PrismaClientInitializationError","service":"property-renting-auth","stack":"PrismaClientInitializationError: Can't reach database server at `aws-1-ap-southeast-1.pooler.supabase.com:5432`\n\nPlease make sure your database server is running at `aws-1-ap-southeast-1.pooler.supabase.com:5432`.\n    at r (D:\\Ridho\\finpro\\finpro-api\\src\\generated\\prisma\\runtime\\library.js:115:2770)","timestamp":"2025-09-26T06:03:09.900Z"}
{"level":"info","message":"✅ Database connected successfully","service":"property-renting-auth","timestamp":"2025-09-26T06:04:12.270Z"}
{"level":"info","message":"🚀 Server running on port 8000","service":"property-renting-auth","timestamp":"2025-09-26T06:04:12.281Z"}
{"level":"info","message":"📱 Environment: development","service":"property-renting-auth","timestamp":"2025-09-26T06:04:12.282Z"}
{"level":"info","message":"🌐 Frontend URL: http://localhost:3000","service":"property-renting-auth","timestamp":"2025-09-26T06:04:12.283Z"}
{"level":"info","message":"Room created:  \"Deluxe Room\" for property 1 by tenant 7","service":"property-renting-auth","timestamp":"2025-09-26T06:04:32.631Z"}
{"level":"info","message":"Room availability updated for room 1, 3 dates","service":"property-renting-auth","timestamp":"2025-09-26T06:07:48.375Z"}
{"level":"info","message":"🔄 Shutting down gracefully...","service":"property-renting-auth","timestamp":"2025-09-26T06:15:39.816Z"}
{"level":"info","message":"✅ Database connected successfully","service":"property-renting-auth","timestamp":"2025-09-26T06:15:47.144Z"}
{"level":"info","message":"🚀 Server running on port 8000","service":"property-renting-auth","timestamp":"2025-09-26T06:15:47.155Z"}
{"level":"info","message":"📱 Environment: development","service":"property-renting-auth","timestamp":"2025-09-26T06:15:47.156Z"}
{"level":"info","message":"🌐 Frontend URL: http://localhost:3000","service":"property-renting-auth","timestamp":"2025-09-26T06:15:47.157Z"}
{"level":"info","message":"🔄 Shutting down gracefully...","service":"property-renting-auth","timestamp":"2025-09-26T06:18:35.593Z"}
{"clientVersion":"6.16.2","errorCode":"P1000","level":"error","message":"❌ Failed to start server: Authentication failed against database server, the provided database credentials for `postgres` are not valid.\n\nPlease make sure to provide valid database credentials for the database server at the configured address.","name":"PrismaClientInitializationError","service":"property-renting-auth","stack":"PrismaClientInitializationError: Authentication failed against database server, the provided database credentials for `postgres` are not valid.\n\nPlease make sure to provide valid database credentials for the database server at the configured address.\n    at r (D:\\Ridho\\finpro\\finpro-api\\src\\generated\\prisma\\runtime\\library.js:115:2770)","timestamp":"2025-09-26T06:18:44.478Z"}
{"level":"info","message":"✅ Database connected successfully","service":"property-renting-auth","timestamp":"2025-09-26T06:19:06.811Z"}
{"level":"info","message":"🚀 Server running on port 8000","service":"property-renting-auth","timestamp":"2025-09-26T06:19:06.822Z"}
{"level":"info","message":"📱 Environment: development","service":"property-renting-auth","timestamp":"2025-09-26T06:19:06.823Z"}
{"level":"info","message":"🌐 Frontend URL: http://localhost:3000","service":"property-renting-auth","timestamp":"2025-09-26T06:19:06.824Z"}
{"level":"info","message":"🔄 Shutting down gracefully...","service":"property-renting-auth","timestamp":"2025-09-26T06:25:39.267Z"}
{"level":"info","message":"✅ Database connected successfully","service":"property-renting-auth","timestamp":"2025-09-26T06:25:46.881Z"}
{"level":"info","message":"🚀 Server running on port 8000","service":"property-renting-auth","timestamp":"2025-09-26T06:25:46.893Z"}
{"level":"info","message":"📱 Environment: development","service":"property-renting-auth","timestamp":"2025-09-26T06:25:46.894Z"}
{"level":"info","message":"🌐 Frontend URL: http://localhost:3000","service":"property-renting-auth","timestamp":"2025-09-26T06:25:46.895Z"}
{"level":"info","message":"✅ Database connected successfully","service":"property-renting-auth","timestamp":"2025-09-28T04:53:04.467Z"}
{"level":"info","message":"🚀 Server running on port 8000","service":"property-renting-auth","timestamp":"2025-09-28T04:53:04.476Z"}
{"level":"info","message":"📱 Environment: development","service":"property-renting-auth","timestamp":"2025-09-28T04:53:04.477Z"}
{"level":"info","message":"🌐 Frontend URL: http://localhost:3000","service":"property-renting-auth","timestamp":"2025-09-28T04:53:04.477Z"}
{"level":"info","message":"🔄 Shutting down gracefully...","service":"property-renting-auth","timestamp":"2025-09-28T04:54:41.387Z"}
{"level":"info","message":"✅ Database connected successfully","service":"property-renting-auth","timestamp":"2025-09-29T04:41:46.539Z"}
{"level":"info","message":"🚀 Server running on port 8000","service":"property-renting-auth","timestamp":"2025-09-29T04:41:46.567Z"}
{"level":"info","message":"📱 Environment: development","service":"property-renting-auth","timestamp":"2025-09-29T04:41:46.569Z"}
{"level":"info","message":"🌐 Frontend URL: http://localhost:3000","service":"property-renting-auth","timestamp":"2025-09-29T04:41:46.570Z"}
{"level":"info","message":"Verification email sent to wahiya7372@bitmens.com","service":"property-renting-auth","timestamp":"2025-09-29T04:44:45.433Z"}
{"level":"info","message":"User registered: wahiya7372@bitmens.com as tenant","service":"property-renting-auth","timestamp":"2025-09-29T04:44:45.435Z"}
{"level":"info","message":"Welcome email sent to wahiya7372@bitmens.com","service":"property-renting-auth","timestamp":"2025-09-29T04:47:07.300Z"}
{"level":"info","message":"User verified and password set: wahiya7372@bitmens.com","service":"property-renting-auth","timestamp":"2025-09-29T04:47:07.302Z"}
{"level":"info","message":"User logged in: wahiya7372@bitmens.com","service":"property-renting-auth","timestamp":"2025-09-29T04:47:31.008Z"}
{"level":"info","message":"User logged in: wahiya7372@bitmens.com","service":"property-renting-auth","timestamp":"2025-09-29T04:48:02.155Z"}
{"level":"info","message":"Verification email sent to yavil71183@bitmens.com","service":"property-renting-auth","timestamp":"2025-09-29T04:51:54.545Z"}
{"level":"info","message":"User registered: yavil71183@bitmens.com as user","service":"property-renting-auth","timestamp":"2025-09-29T04:51:54.546Z"}
{"level":"info","message":"Welcome email sent to yavil71183@bitmens.com","service":"property-renting-auth","timestamp":"2025-09-29T04:52:33.248Z"}
{"level":"info","message":"User verified and password set: yavil71183@bitmens.com","service":"property-renting-auth","timestamp":"2025-09-29T04:52:33.248Z"}
{"level":"info","message":"🔄 Shutting down gracefully...","service":"property-renting-auth","timestamp":"2025-09-29T05:17:27.519Z"}
[2025-09-29 21:35:55] ERROR: POST /api/auth/register - Internal server error. Please try again later!  {
  "name": "SyntaxError",
  "stack": "SyntaxError: Expected double-quoted property name in JSON at position 83 (line 5 column 1)\n    at JSON.parse (<anonymous>)\n    at parse (D:\\Ridho\\finpro\\finpro-api\\node_modules\\body-parser\\lib\\types\\json.js:77:19)\n    at D:\\Ridho\\finpro\\finpro-api\\node_modules\\body-parser\\lib\\read.js:123:18\n    at AsyncResource.runInAsyncScope (node:async_hooks:214:14)\n    at invokeCallback (D:\\Ridho\\finpro\\finpro-api\\node_modules\\raw-body\\index.js:238:16)\n    at done (D:\\Ridho\\finpro\\finpro-api\\node_modules\\raw-body\\index.js:227:7)\n    at IncomingMessage.onEnd (D:\\Ridho\\finpro\\finpro-api\\node_modules\\raw-body\\index.js:287:7)\n    at IncomingMessage.emit (node:events:518:28)\n    at IncomingMessage.emit (node:domain:489:12)\n    at endReadableNT (node:internal/streams/readable:1698:12)",
  "path": "/api/auth/register",
  "method": "POST",
  "ip": "::1",
  "statusCode": 400
}
[2025-09-29 21:41:01] ERROR: POST /api/auth/login - Internal server error. Please try again later!  {
  "name": "Error",
  "stack": "Error: JWT_SECRET_KEY is not defined\n    at Function.generateToken (D:\\Ridho\\finpro\\finpro-api\\src\\utils\\jwt.util.ts:13:13)\n    at AuthService.<anonymous> (D:\\Ridho\\finpro\\finpro-api\\src\\services\\auth.service.ts:268:27)\n    at Generator.next (<anonymous>)\n    at fulfilled (D:\\Ridho\\finpro\\finpro-api\\src\\services\\auth.service.ts:5:58)",
  "path": "/api/auth/login",
  "method": "POST",
  "ip": "::1",
  "statusCode": 500
}
[2025-09-29 21:42:00] ERROR: POST /api/auth/login - Internal server error. Please try again later!  {
  "name": "Error",
  "stack": "Error: JWT_SECRET_KEY is not defined\n    at Function.generateToken (D:\\Ridho\\finpro\\finpro-api\\src\\utils\\jwt.util.ts:13:13)\n    at AuthService.<anonymous> (D:\\Ridho\\finpro\\finpro-api\\src\\services\\auth.service.ts:268:27)\n    at Generator.next (<anonymous>)\n    at fulfilled (D:\\Ridho\\finpro\\finpro-api\\src\\services\\auth.service.ts:5:58)",
  "path": "/api/auth/login",
  "method": "POST",
  "ip": "::1",
  "statusCode": 500
}
[2025-09-29 21:42:39] ERROR: POST /api/auth/login - Internal server error. Please try again later!  {
  "name": "Error",
  "stack": "Error: JWT_SECRET_KEY is not defined\n    at Function.generateToken (D:\\Ridho\\finpro\\finpro-api\\src\\utils\\jwt.util.ts:13:13)\n    at AuthService.<anonymous> (D:\\Ridho\\finpro\\finpro-api\\src\\services\\auth.service.ts:268:27)\n    at Generator.next (<anonymous>)\n    at fulfilled (D:\\Ridho\\finpro\\finpro-api\\src\\services\\auth.service.ts:5:58)",
  "path": "/api/auth/login",
  "method": "POST",
  "ip": "::1",
  "statusCode": 500
}
[2025-09-29 21:43:27] ERROR: POST /api/auth/login - Internal server error. Please try again later!  {
  "name": "Error",
  "stack": "Error: JWT_SECRET_KEY is not defined\n    at Function.generateToken (D:\\Ridho\\finpro\\finpro-api\\src\\utils\\jwt.util.ts:13:13)\n    at AuthService.<anonymous> (D:\\Ridho\\finpro\\finpro-api\\src\\services\\auth.service.ts:268:27)\n    at Generator.next (<anonymous>)\n    at fulfilled (D:\\Ridho\\finpro\\finpro-api\\src\\services\\auth.service.ts:5:58)",
  "path": "/api/auth/login",
  "method": "POST",
  "ip": "::1",
  "statusCode": 500
}
[2025-09-29 21:47:10] ERROR: POST /api/auth/login - Internal server error. Please try again later!  {
  "name": "Error",
  "stack": "Error: JWT_SECRET_KEY is not defined\n    at Function.generateToken (D:\\Ridho\\finpro\\finpro-api\\src\\utils\\jwt.util.ts:13:13)\n    at AuthService.<anonymous> (D:\\Ridho\\finpro\\finpro-api\\src\\services\\auth.service.ts:268:27)\n    at Generator.next (<anonymous>)\n    at fulfilled (D:\\Ridho\\finpro\\finpro-api\\src\\services\\auth.service.ts:5:58)",
  "path": "/api/auth/login",
  "method": "POST",
  "ip": "::1",
  "statusCode": 500
}
[2025-09-29 21:48:25] ERROR: POST /api/auth/login - Internal server error. Please try again later!  {
  "name": "Error",
  "stack": "Error: JWT_SECRET_KEY is not defined\n    at Function.generateToken (D:\\Ridho\\finpro\\finpro-api\\src\\utils\\jwt.util.ts:13:13)\n    at AuthService.<anonymous> (D:\\Ridho\\finpro\\finpro-api\\src\\services\\auth.service.ts:268:27)\n    at Generator.next (<anonymous>)\n    at fulfilled (D:\\Ridho\\finpro\\finpro-api\\src\\services\\auth.service.ts:5:58)",
  "path": "/api/auth/login",
  "method": "POST",
  "ip": "::1",
  "statusCode": 500
}
[2025-09-29 21:57:52] ERROR: POST /api/auth/login - Internal server error. Please try again later!  {
  "name": "Error",
  "stack": "Error: JWT_SECRET_KEY is not defined\n    at Function.generateToken (D:\\Ridho\\finpro\\finpro-api\\src\\utils\\jwt.util.ts:13:13)\n    at AuthService.<anonymous> (D:\\Ridho\\finpro\\finpro-api\\src\\services\\auth.service.ts:268:27)\n    at Generator.next (<anonymous>)\n    at fulfilled (D:\\Ridho\\finpro\\finpro-api\\src\\services\\auth.service.ts:5:58)",
  "path": "/api/auth/login",
  "method": "POST",
  "ip": "::1",
  "statusCode": 500
}
[2025-09-29 22:01:50] ERROR: POST /api/auth/login - Internal server error. Please try again later!  {
  "name": "Error",
  "stack": "Error: JWT_SECRET_KEY is not defined\n    at Function.generateToken (D:\\Ridho\\finpro\\finpro-api\\src\\utils\\jwt.util.ts:13:13)\n    at AuthService.<anonymous> (D:\\Ridho\\finpro\\finpro-api\\src\\services\\auth.service.ts:268:27)\n    at Generator.next (<anonymous>)\n    at fulfilled (D:\\Ridho\\finpro\\finpro-api\\src\\services\\auth.service.ts:5:58)",
  "path": "/api/auth/login",
  "method": "POST",
  "ip": "::1",
  "statusCode": 500
}
[2025-09-29 22:03:50] ERROR: POST /api/auth/login - Internal server error. Please try again later!  {
  "name": "Error",
  "stack": "Error: JWT_SECRET_KEY is not defined\n    at Function.generateToken (D:\\Ridho\\finpro\\finpro-api\\src\\utils\\jwt.util.ts:13:13)\n    at AuthService.<anonymous> (D:\\Ridho\\finpro\\finpro-api\\src\\services\\auth.service.ts:268:27)\n    at Generator.next (<anonymous>)\n    at fulfilled (D:\\Ridho\\finpro\\finpro-api\\src\\services\\auth.service.ts:5:58)",
  "path": "/api/auth/login",
  "method": "POST",
  "ip": "::1",
  "statusCode": 500
}
[2025-09-29 22:09:24] ERROR: POST /api/auth/login - Internal server error. Please try again later!  {
  "name": "Error",
  "stack": "Error: JWT_SECRET_KEY is not defined\n    at Function.generateToken (D:\\Ridho\\finpro\\finpro-api\\src\\utils\\jwt.util.ts:13:13)\n    at AuthService.<anonymous> (D:\\Ridho\\finpro\\finpro-api\\src\\services\\auth.service.ts:275:27)\n    at Generator.next (<anonymous>)\n    at fulfilled (D:\\Ridho\\finpro\\finpro-api\\src\\services\\auth.service.ts:5:58)",
  "path": "/api/auth/login",
  "method": "POST",
  "ip": "::1",
  "statusCode": 500
}
[2025-09-29 22:15:42] ERROR: POST /api/auth/login - Internal server error. Please try again later!  {
  "name": "Error",
  "stack": "Error: JWT_SECRET_KEY is not defined\n    at Function.generateToken (D:\\Ridho\\finpro\\finpro-api\\src\\utils\\jwt.util.ts:13:13)\n    at AuthService.<anonymous> (D:\\Ridho\\finpro\\finpro-api\\src\\services\\auth.service.ts:277:27)\n    at Generator.next (<anonymous>)\n    at fulfilled (D:\\Ridho\\finpro\\finpro-api\\src\\services\\auth.service.ts:5:58)",
  "path": "/api/auth/login",
  "method": "POST",
  "ip": "::1",
  "statusCode": 500
}
[2025-09-29 22:25:07] ERROR: POST /api/auth/resend-verification - Email already verified  {
  "name": "AppError",
  "stack": "AppError: Email already verified\n    at new AppError (D:\\Ridho\\finpro\\finpro-api\\src\\utils\\app.error.ts:14:11)\n    at AuthService.<anonymous> (D:\\Ridho\\finpro\\finpro-api\\src\\services\\auth.service.ts:300:13)\n    at Generator.next (<anonymous>)\n    at fulfilled (D:\\Ridho\\finpro\\finpro-api\\src\\services\\auth.service.ts:5:58)",
  "path": "/api/auth/resend-verification",
  "method": "POST",
  "ip": "::1",
  "statusCode": 400
}
[2025-09-29 22:29:24] ERROR: POST /api/auth/login - Invalid email or password  {
  "name": "AppError",
  "stack": "AppError: Invalid email or password\n    at new AppError (D:\\Ridho\\finpro\\finpro-api\\src\\utils\\app.error.ts:14:11)\n    at AuthService.<anonymous> (D:\\Ridho\\finpro\\finpro-api\\src\\services\\auth.service.ts:264:13)\n    at Generator.next (<anonymous>)\n    at fulfilled (D:\\Ridho\\finpro\\finpro-api\\src\\services\\auth.service.ts:5:58)",
  "path": "/api/auth/login",
  "method": "POST",
  "ip": "::1",
  "statusCode": 401
}
[2025-09-30 00:17:45] ERROR: POST /api/auth/login - Invalid email or password  {
  "name": "AppError",
  "stack": "AppError: Invalid email or password\n    at new AppError (D:\\Ridho\\finpro\\finpro-api\\src\\utils\\app.error.ts:14:11)\n    at AuthService.<anonymous> (D:\\Ridho\\finpro\\finpro-api\\src\\services\\auth.service.ts:264:13)\n    at Generator.next (<anonymous>)\n    at fulfilled (D:\\Ridho\\finpro\\finpro-api\\src\\services\\auth.service.ts:5:58)",
  "path": "/api/auth/login",
  "method": "POST",
  "ip": "::1",
  "statusCode": 401
}
[2025-09-30 00:27:53] ERROR: POST /api/tenant/properties - Category not found  {
  "name": "AppError",
  "stack": "AppError: Category not found\n    at new AppError (D:\\Ridho\\finpro\\finpro-api\\src\\utils\\app.error.ts:14:11)\n    at PropertyService.<anonymous> (D:\\Ridho\\finpro\\finpro-api\\src\\services\\property.service.ts:131:13)\n    at Generator.next (<anonymous>)\n    at fulfilled (D:\\Ridho\\finpro\\finpro-api\\src\\services\\property.service.ts:5:58)",
  "path": "/api/tenant/properties",
  "method": "POST",
  "ip": "::1",
  "statusCode": 404
}
[2025-09-30 00:28:40] ERROR: GET /api/tenant/categories/1 - Category not found  {
  "name": "AppError",
  "stack": "AppError: Category not found\n    at new AppError (D:\\Ridho\\finpro\\finpro-api\\src\\utils\\app.error.ts:14:11)\n    at PropertyCategoryService.<anonymous> (D:\\Ridho\\finpro\\finpro-api\\src\\services\\property-category.service.ts:50:13)\n    at Generator.next (<anonymous>)\n    at fulfilled (D:\\Ridho\\finpro\\finpro-api\\src\\services\\property-category.service.ts:5:58)",
  "path": "/api/tenant/categories/1",
  "method": "GET",
  "ip": "::1",
  "statusCode": 404
}
[2025-09-30 00:34:10] ERROR: GET /api/tenant/properties/2 - Property not found  {
  "name": "AppError",
  "stack": "AppError: Property not found\n    at new AppError (D:\\Ridho\\finpro\\finpro-api\\src\\utils\\app.error.ts:14:11)\n    at PropertyService.<anonymous> (D:\\Ridho\\finpro\\finpro-api\\src\\services\\property.service.ts:111:13)\n    at Generator.next (<anonymous>)\n    at fulfilled (D:\\Ridho\\finpro\\finpro-api\\src\\services\\property.service.ts:5:58)",
  "path": "/api/tenant/properties/2",
  "method": "GET",
  "ip": "::1",
  "statusCode": 404
}
[2025-09-30 00:36:16] ERROR: PUT /api/tenant/properties/1 - Category ID must be a number  {
  "name": "AppError",
  "stack": "AppError: Category ID must be a number\n    at new AppError (D:\\Ridho\\finpro\\finpro-api\\src\\utils\\app.error.ts:14:11)\n    at Function.<anonymous> (D:\\Ridho\\finpro\\finpro-api\\src\\middlewares\\validation.middleware.ts:13:15)\n    at Generator.next (<anonymous>)\n    at fulfilled (D:\\Ridho\\finpro\\finpro-api\\src\\middlewares\\validation.middleware.ts:5:58)\n    at processTicksAndRejections (node:internal/process/task_queues:105:5)",
  "path": "/api/tenant/properties/1",
  "method": "PUT",
  "ip": "::1",
  "statusCode": 400
}
[2025-09-30 00:36:32] ERROR: PUT /api/tenant/properties/1 - Category not found  {
  "name": "AppError",
  "stack": "AppError: Category not found\n    at new AppError (D:\\Ridho\\finpro\\finpro-api\\src\\utils\\app.error.ts:14:11)\n    at PropertyService.<anonymous> (D:\\Ridho\\finpro\\finpro-api\\src\\services\\property.service.ts:206:15)\n    at Generator.next (<anonymous>)\n    at fulfilled (D:\\Ridho\\finpro\\finpro-api\\src\\services\\property.service.ts:5:58)",
  "path": "/api/tenant/properties/1",
  "method": "PUT",
  "ip": "::1",
  "statusCode": 404
}
[2025-09-30 00:38:31] ERROR: PUT /api/tenant/properties/1 - Internal server error. Please try again later!  {
  "name": "TypeError",
  "stack": "TypeError: Cannot destructure property 'categoryId' of 'req.body' as it is undefined.\n    at PropertyController.<anonymous> (D:\\Ridho\\finpro\\finpro-api\\src\\controllers\\property.controller.ts:93:15)\n    at Generator.next (<anonymous>)\n    at D:\\Ridho\\finpro\\finpro-api\\src\\controllers\\property.controller.ts:8:71\n    at new Promise (<anonymous>)\n    at __awaiter (D:\\Ridho\\finpro\\finpro-api\\src\\controllers\\property.controller.ts:4:12)\n    at PropertyController.updateProperty (D:\\Ridho\\finpro\\finpro-api\\src\\controllers\\property.controller.ts:91:16)\n    at Layer.handleRequest (D:\\Ridho\\finpro\\finpro-api\\node_modules\\router\\lib\\layer.js:152:17)\n    at next (D:\\Ridho\\finpro\\finpro-api\\node_modules\\router\\lib\\route.js:157:13)\n    at Function.<anonymous> (D:\\Ridho\\finpro\\finpro-api\\src\\middlewares\\validation.middleware.ts:16:7)\n    at Generator.next (<anonymous>)",
  "path": "/api/tenant/properties/1",
  "method": "PUT",
  "ip": "::1",
  "statusCode": 500
}
[2025-09-30 00:39:18] ERROR: PUT /api/tenant/properties/1 - Internal server error. Please try again later!  {
  "name": "TypeError",
  "stack": "TypeError: Cannot destructure property 'categoryId' of 'req.body' as it is undefined.\n    at PropertyController.<anonymous> (D:\\Ridho\\finpro\\finpro-api\\src\\controllers\\property.controller.ts:93:15)\n    at Generator.next (<anonymous>)\n    at D:\\Ridho\\finpro\\finpro-api\\src\\controllers\\property.controller.ts:8:71\n    at new Promise (<anonymous>)\n    at __awaiter (D:\\Ridho\\finpro\\finpro-api\\src\\controllers\\property.controller.ts:4:12)\n    at PropertyController.updateProperty (D:\\Ridho\\finpro\\finpro-api\\src\\controllers\\property.controller.ts:91:16)\n    at Layer.handleRequest (D:\\Ridho\\finpro\\finpro-api\\node_modules\\router\\lib\\layer.js:152:17)\n    at next (D:\\Ridho\\finpro\\finpro-api\\node_modules\\router\\lib\\route.js:157:13)\n    at Function.<anonymous> (D:\\Ridho\\finpro\\finpro-api\\src\\middlewares\\validation.middleware.ts:16:7)\n    at Generator.next (<anonymous>)",
  "path": "/api/tenant/properties/1",
  "method": "PUT",
  "ip": "::1",
  "statusCode": 500
}
[2025-09-30 09:28:48] ERROR: GET /api/tenant/categories - Internal server error. Please try again later!  {
  "name": "PrismaClientKnownRequestError",
  "stack": "PrismaClientKnownRequestError: \nInvalid `prisma.users.findUnique()` invocation in\nD:\\Ridho\\finpro\\finpro-api\\src\\middlewares\\auth.middleware.ts:30:41\n\n  27 \n  28 const payload = JwtUtil.verifyToken(token);\n  29 \n→ 30 const user = await prisma.users.findUnique(\nThe column `users.is_verified` does not exist in the current database.\n    at ei.handleRequestError (D:\\Ridho\\finpro\\finpro-api\\src\\generated\\prisma\\runtime\\library.js:124:7268)\n    at ei.handleAndLogRequestError (D:\\Ridho\\finpro\\finpro-api\\src\\generated\\prisma\\runtime\\library.js:124:6593)\n    at ei.request (D:\\Ridho\\finpro\\finpro-api\\src\\generated\\prisma\\runtime\\library.js:124:6300)\n    at async a (D:\\Ridho\\finpro\\finpro-api\\src\\generated\\prisma\\runtime\\library.js:133:9551)",
  "path": "/api/tenant/categories",
  "method": "GET",
  "ip": "::1",
  "statusCode": 500
}
[2025-09-30 09:29:42] ERROR: POST /api/auth/login - Internal server error. Please try again later!  {
  "name": "PrismaClientKnownRequestError",
  "stack": "PrismaClientKnownRequestError: \nInvalid `prisma.users.findUnique()` invocation in\nD:\\Ridho\\finpro\\finpro-api\\src\\services\\auth.service.ts:234:37\n\n  231 }\n  232 \n  233 async login(data: LoginDTO) {\n→ 234   const user = await prisma.users.findUnique(\nThe column `users.provider_id` does not exist in the current database.\n    at ei.handleRequestError (D:\\Ridho\\finpro\\finpro-api\\src\\generated\\prisma\\runtime\\library.js:124:7268)\n    at ei.handleAndLogRequestError (D:\\Ridho\\finpro\\finpro-api\\src\\generated\\prisma\\runtime\\library.js:124:6593)\n    at ei.request (D:\\Ridho\\finpro\\finpro-api\\src\\generated\\prisma\\runtime\\library.js:124:6300)\n    at async a (D:\\Ridho\\finpro\\finpro-api\\src\\generated\\prisma\\runtime\\library.js:133:9551)",
  "path": "/api/auth/login",
  "method": "POST",
  "ip": "::1",
  "statusCode": 500
}
[2025-09-30 09:31:47] ERROR: POST /api/auth/register - Internal server error. Please try again later!  {
  "name": "PrismaClientKnownRequestError",
  "stack": "PrismaClientKnownRequestError: \nInvalid `prisma.users.findUnique()` invocation in\nD:\\Ridho\\finpro\\finpro-api\\src\\services\\auth.service.ts:48:45\n\n  45 export class AuthService {\n  46   async register(data: RegisterDTO) {\n  47     // Check if email already exists\n→ 48     const existingUser = await prisma.users.findUnique(\nThe column `users.provider_id` does not exist in the current database.\n    at ei.handleRequestError (D:\\Ridho\\finpro\\finpro-api\\src\\generated\\prisma\\runtime\\library.js:124:7268)\n    at ei.handleAndLogRequestError (D:\\Ridho\\finpro\\finpro-api\\src\\generated\\prisma\\runtime\\library.js:124:6593)\n    at ei.request (D:\\Ridho\\finpro\\finpro-api\\src\\generated\\prisma\\runtime\\library.js:124:6300)\n    at async a (D:\\Ridho\\finpro\\finpro-api\\src\\generated\\prisma\\runtime\\library.js:133:9551)",
  "path": "/api/auth/register",
  "method": "POST",
  "ip": "::1",
  "statusCode": 500
}
[2025-09-30 09:32:35] ERROR: POST /api/auth/register - Internal server error. Please try again later!  {
  "name": "PrismaClientKnownRequestError",
  "stack": "PrismaClientKnownRequestError: \nInvalid `prisma.users.findUnique()` invocation in\nD:\\Ridho\\finpro\\finpro-api\\src\\services\\auth.service.ts:48:45\n\n  45 export class AuthService {\n  46   async register(data: RegisterDTO) {\n  47     // Check if email already exists\n→ 48     const existingUser = await prisma.users.findUnique(\nThe column `users.provider_id` does not exist in the current database.\n    at ei.handleRequestError (D:\\Ridho\\finpro\\finpro-api\\src\\generated\\prisma\\runtime\\library.js:124:7268)\n    at ei.handleAndLogRequestError (D:\\Ridho\\finpro\\finpro-api\\src\\generated\\prisma\\runtime\\library.js:124:6593)\n    at ei.request (D:\\Ridho\\finpro\\finpro-api\\src\\generated\\prisma\\runtime\\library.js:124:6300)\n    at async a (D:\\Ridho\\finpro\\finpro-api\\src\\generated\\prisma\\runtime\\library.js:133:9551)",
  "path": "/api/auth/register",
  "method": "POST",
  "ip": "::1",
  "statusCode": 500
}
[2025-09-30 09:34:05] ERROR: POST /api/auth/register - Internal server error. Please try again later!  {
  "name": "PrismaClientKnownRequestError",
  "stack": "PrismaClientKnownRequestError: \nInvalid `prisma.users.findUnique()` invocation in\nD:\\Ridho\\finpro\\finpro-api\\src\\services\\auth.service.ts:48:45\n\n  45 export class AuthService {\n  46   async register(data: RegisterDTO) {\n  47     // Check if email already exists\n→ 48     const existingUser = await prisma.users.findUnique(\nThe column `users.provider_id` does not exist in the current database.\n    at ei.handleRequestError (D:\\Ridho\\finpro\\finpro-api\\src\\generated\\prisma\\runtime\\library.js:124:7268)\n    at ei.handleAndLogRequestError (D:\\Ridho\\finpro\\finpro-api\\src\\generated\\prisma\\runtime\\library.js:124:6593)\n    at ei.request (D:\\Ridho\\finpro\\finpro-api\\src\\generated\\prisma\\runtime\\library.js:124:6300)\n    at async a (D:\\Ridho\\finpro\\finpro-api\\src\\generated\\prisma\\runtime\\library.js:133:9551)",
  "path": "/api/auth/register",
  "method": "POST",
  "ip": "::1",
  "statusCode": 500
}
[2025-09-30 09:42:00] ERROR: POST /api/auth/login - Invalid email or password  {
  "name": "AppError",
  "stack": "AppError: Invalid email or password\n    at new AppError (D:\\Ridho\\finpro\\finpro-api\\src\\utils\\app.error.ts:14:11)\n    at AuthService.<anonymous> (D:\\Ridho\\finpro\\finpro-api\\src\\services\\auth.service.ts:242:13)\n    at Generator.next (<anonymous>)\n    at fulfilled (D:\\Ridho\\finpro\\finpro-api\\src\\services\\auth.service.ts:5:58)",
  "path": "/api/auth/login",
  "method": "POST",
  "ip": "::1",
  "statusCode": 401
}
[2025-09-30 09:48:04] ERROR: POST /api/tenant/rooms - Property ID must be a number, Base price must be a positive number, Max guests must be at least 1  {
  "name": "AppError",
  "stack": "AppError: Property ID must be a number, Base price must be a positive number, Max guests must be at least 1\n    at new AppError (D:\\Ridho\\finpro\\finpro-api\\src\\utils\\app.error.ts:14:11)\n    at Function.<anonymous> (D:\\Ridho\\finpro\\finpro-api\\src\\middlewares\\validation.middleware.ts:13:15)\n    at Generator.next (<anonymous>)\n    at fulfilled (D:\\Ridho\\finpro\\finpro-api\\src\\middlewares\\validation.middleware.ts:5:58)\n    at processTicksAndRejections (node:internal/process/task_queues:105:5)",
  "path": "/api/tenant/rooms",
  "method": "POST",
  "ip": "::1",
  "statusCode": 400
}
[2025-09-30 09:48:14] ERROR: POST /api/tenant/rooms - Base price must be a positive number, Max guests must be at least 1  {
  "name": "AppError",
  "stack": "AppError: Base price must be a positive number, Max guests must be at least 1\n    at new AppError (D:\\Ridho\\finpro\\finpro-api\\src\\utils\\app.error.ts:14:11)\n    at Function.<anonymous> (D:\\Ridho\\finpro\\finpro-api\\src\\middlewares\\validation.middleware.ts:13:15)\n    at Generator.next (<anonymous>)\n    at fulfilled (D:\\Ridho\\finpro\\finpro-api\\src\\middlewares\\validation.middleware.ts:5:58)\n    at processTicksAndRejections (node:internal/process/task_queues:105:5)",
  "path": "/api/tenant/rooms",
  "method": "POST",
  "ip": "::1",
  "statusCode": 400
}
[2025-09-30 09:48:21] ERROR: POST /api/tenant/rooms - Base price must be a positive number  {
  "name": "AppError",
  "stack": "AppError: Base price must be a positive number\n    at new AppError (D:\\Ridho\\finpro\\finpro-api\\src\\utils\\app.error.ts:14:11)\n    at Function.<anonymous> (D:\\Ridho\\finpro\\finpro-api\\src\\middlewares\\validation.middleware.ts:13:15)\n    at Generator.next (<anonymous>)\n    at fulfilled (D:\\Ridho\\finpro\\finpro-api\\src\\middlewares\\validation.middleware.ts:5:58)\n    at processTicksAndRejections (node:internal/process/task_queues:105:5)",
  "path": "/api/tenant/rooms",
  "method": "POST",
  "ip": "::1",
  "statusCode": 400
}
[2025-09-30 10:00:02] ERROR: PUT /api/tenant/rooms/1 - Bearer token is invalid or missing  {
  "name": "AppError",
  "stack": "AppError: Bearer token is invalid or missing\n    at new AppError (D:\\Ridho\\finpro\\finpro-api\\src\\utils\\app.error.ts:14:11)\n    at Function.<anonymous> (D:\\Ridho\\finpro\\finpro-api\\src\\middlewares\\auth.middleware.ts:25:17)\n    at Generator.next (<anonymous>)\n    at D:\\Ridho\\finpro\\finpro-api\\src\\middlewares\\auth.middleware.ts:8:71\n    at new Promise (<anonymous>)\n    at __awaiter (D:\\Ridho\\finpro\\finpro-api\\src\\middlewares\\auth.middleware.ts:4:12)\n    at D:\\Ridho\\finpro\\finpro-api\\src\\middlewares\\auth.middleware.ts:20:70\n    at Layer.handleRequest (D:\\Ridho\\finpro\\finpro-api\\node_modules\\router\\lib\\layer.js:152:17)\n    at trimPrefix (D:\\Ridho\\finpro\\finpro-api\\node_modules\\router\\index.js:342:13)\n    at D:\\Ridho\\finpro\\finpro-api\\node_modules\\router\\index.js:297:9",
  "path": "/api/tenant/rooms/1",
  "method": "PUT",
  "ip": "::1",
  "statusCode": 401
}
[2025-09-30 10:02:58] ERROR: GET /api/tenant/rooms/2 - Room not found  {
  "name": "AppError",
  "stack": "AppError: Room not found\n    at new AppError (D:\\Ridho\\finpro\\finpro-api\\src\\utils\\app.error.ts:14:11)\n    at RoomService.<anonymous> (D:\\Ridho\\finpro\\finpro-api\\src\\services\\room.service.ts:79:13)\n    at Generator.next (<anonymous>)\n    at fulfilled (D:\\Ridho\\finpro\\finpro-api\\src\\services\\room.service.ts:5:58)",
  "path": "/api/tenant/rooms/2",
  "method": "GET",
  "ip": "::1",
  "statusCode": 404
}
[2025-09-30 10:36:23] ERROR: POST /api/tenant/peak-seasons - Bearer token is invalid or missing  {
  "name": "AppError",
  "stack": "AppError: Bearer token is invalid or missing\n    at new AppError (D:\\Ridho\\finpro\\finpro-api\\src\\utils\\app.error.ts:14:11)\n    at Function.<anonymous> (D:\\Ridho\\finpro\\finpro-api\\src\\middlewares\\auth.middleware.ts:25:17)\n    at Generator.next (<anonymous>)\n    at D:\\Ridho\\finpro\\finpro-api\\src\\middlewares\\auth.middleware.ts:8:71\n    at new Promise (<anonymous>)\n    at __awaiter (D:\\Ridho\\finpro\\finpro-api\\src\\middlewares\\auth.middleware.ts:4:12)\n    at D:\\Ridho\\finpro\\finpro-api\\src\\middlewares\\auth.middleware.ts:20:70\n    at Layer.handleRequest (D:\\Ridho\\finpro\\finpro-api\\node_modules\\router\\lib\\layer.js:152:17)\n    at trimPrefix (D:\\Ridho\\finpro\\finpro-api\\node_modules\\router\\index.js:342:13)\n    at D:\\Ridho\\finpro\\finpro-api\\node_modules\\router\\index.js:297:9",
  "path": "/api/tenant/peak-seasons",
  "method": "POST",
  "ip": "::1",
  "statusCode": 401
}
[2025-09-30 10:41:18] ERROR: GET /api/properties/search?city=Bali - Internal server error. Please try again later!  {
  "name": "PrismaClientValidationError",
  "stack": "PrismaClientValidationError: \nInvalid `prisma.properties.findMany()` invocation in\nD:\\Ridho\\finpro\\finpro-api\\src\\services\\property-catalog.service.ts:52:46\n\n  49 };\n  50 \n  51 // Get properties with rooms\n→ 52 let properties = await prisma.properties.findMany({\n       where: {\n         city: {\n           equals: \"Bali\",\n           mode: \"insensitive\"\n         }\n       },\n       include: {\n         category: {\n           select: {\n             id: true,\n             name: true\n           }\n         },\n         rooms: {\n           include: {\n             peakSeasons: true,\n             roomAvailabilities: false,\n             _count: {\n               select: {\n     ?           reservations?: true,\n     ?           roomAvailabilities?: true,\n     ?           peakSeasons?: true\n               }\n             }\n           }\n         },\n         reviews: {\n           select: {\n             rating: true\n           }\n         }\n       },\n       skip: 0,\n       take: 10\n     })\n\nThe `select` statement for type RoomsCountOutputType needs at least one truthy value.\n    at Nn (D:\\Ridho\\finpro\\finpro-api\\src\\generated\\prisma\\runtime\\library.js:32:1363)\n    at ei.handleRequestError (D:\\Ridho\\finpro\\finpro-api\\src\\generated\\prisma\\runtime\\library.js:124:6911)\n    at ei.handleAndLogRequestError (D:\\Ridho\\finpro\\finpro-api\\src\\generated\\prisma\\runtime\\library.js:124:6593)\n    at ei.request (D:\\Ridho\\finpro\\finpro-api\\src\\generated\\prisma\\runtime\\library.js:124:6300)\n    at async a (D:\\Ridho\\finpro\\finpro-api\\src\\generated\\prisma\\runtime\\library.js:133:9551)",
  "path": "/api/properties/search?city=Bali",
  "method": "GET",
  "ip": "::1",
  "statusCode": 500
}
[2025-09-30 10:42:39] ERROR: GET /api/properties/search?city=Bali&categoryId=1 - Internal server error. Please try again later!  {
  "name": "PrismaClientValidationError",
  "stack": "PrismaClientValidationError: \nInvalid `prisma.properties.findMany()` invocation in\nD:\\Ridho\\finpro\\finpro-api\\src\\services\\property-catalog.service.ts:52:46\n\n  49 };\n  50 \n  51 // Get properties with rooms\n→ 52 let properties = await prisma.properties.findMany({\n       where: {\n         city: {\n           equals: \"Bali\",\n           mode: \"insensitive\"\n         },\n         categoryId: 1\n       },\n       include: {\n         category: {\n           select: {\n             id: true,\n             name: true\n           }\n         },\n         rooms: {\n           include: {\n             peakSeasons: true,\n             roomAvailabilities: false,\n             _count: {\n               select: {\n     ?           reservations?: true,\n     ?           roomAvailabilities?: true,\n     ?           peakSeasons?: true\n               }\n             }\n           }\n         },\n         reviews: {\n           select: {\n             rating: true\n           }\n         }\n       },\n       skip: 0,\n       take: 10\n     })\n\nThe `select` statement for type RoomsCountOutputType needs at least one truthy value.\n    at Nn (D:\\Ridho\\finpro\\finpro-api\\src\\generated\\prisma\\runtime\\library.js:32:1363)\n    at ei.handleRequestError (D:\\Ridho\\finpro\\finpro-api\\src\\generated\\prisma\\runtime\\library.js:124:6911)\n    at ei.handleAndLogRequestError (D:\\Ridho\\finpro\\finpro-api\\src\\generated\\prisma\\runtime\\library.js:124:6593)\n    at ei.request (D:\\Ridho\\finpro\\finpro-api\\src\\generated\\prisma\\runtime\\library.js:124:6300)\n    at async a (D:\\Ridho\\finpro\\finpro-api\\src\\generated\\prisma\\runtime\\library.js:133:9551)",
  "path": "/api/properties/search?city=Bali&categoryId=1",
  "method": "GET",
  "ip": "::1",
  "statusCode": 500
}
[2025-09-30 10:43:04] ERROR: GET /api/properties/search?city=Bali&categoryId=2 - Internal server error. Please try again later!  {
  "name": "PrismaClientValidationError",
  "stack": "PrismaClientValidationError: \nInvalid `prisma.properties.findMany()` invocation in\nD:\\Ridho\\finpro\\finpro-api\\src\\services\\property-catalog.service.ts:52:46\n\n  49 };\n  50 \n  51 // Get properties with rooms\n→ 52 let properties = await prisma.properties.findMany({\n       where: {\n         city: {\n           equals: \"Bali\",\n           mode: \"insensitive\"\n         },\n         categoryId: 2\n       },\n       include: {\n         category: {\n           select: {\n             id: true,\n             name: true\n           }\n         },\n         rooms: {\n           include: {\n             peakSeasons: true,\n             roomAvailabilities: false,\n             _count: {\n               select: {\n     ?           reservations?: true,\n     ?           roomAvailabilities?: true,\n     ?           peakSeasons?: true\n               }\n             }\n           }\n         },\n         reviews: {\n           select: {\n             rating: true\n           }\n         }\n       },\n       skip: 0,\n       take: 10\n     })\n\nThe `select` statement for type RoomsCountOutputType needs at least one truthy value.\n    at Nn (D:\\Ridho\\finpro\\finpro-api\\src\\generated\\prisma\\runtime\\library.js:32:1363)\n    at ei.handleRequestError (D:\\Ridho\\finpro\\finpro-api\\src\\generated\\prisma\\runtime\\library.js:124:6911)\n    at ei.handleAndLogRequestError (D:\\Ridho\\finpro\\finpro-api\\src\\generated\\prisma\\runtime\\library.js:124:6593)\n    at ei.request (D:\\Ridho\\finpro\\finpro-api\\src\\generated\\prisma\\runtime\\library.js:124:6300)\n    at async a (D:\\Ridho\\finpro\\finpro-api\\src\\generated\\prisma\\runtime\\library.js:133:9551)",
  "path": "/api/properties/search?city=Bali&categoryId=2",
  "method": "GET",
  "ip": "::1",
  "statusCode": 500
}
[2025-09-30 10:43:22] ERROR: GET /api/properties/search?city=Bali&sortBy=price&sortOrder=asc - Internal server error. Please try again later!  {
  "name": "PrismaClientValidationError",
  "stack": "PrismaClientValidationError: \nInvalid `prisma.properties.findMany()` invocation in\nD:\\Ridho\\finpro\\finpro-api\\src\\services\\property-catalog.service.ts:52:46\n\n  49 };\n  50 \n  51 // Get properties with rooms\n→ 52 let properties = await prisma.properties.findMany({\n       where: {\n         city: {\n           equals: \"Bali\",\n           mode: \"insensitive\"\n         }\n       },\n       include: {\n         category: {\n           select: {\n             id: true,\n             name: true\n           }\n         },\n         rooms: {\n           include: {\n             peakSeasons: true,\n             roomAvailabilities: false,\n             _count: {\n               select: {\n     ?           reservations?: true,\n     ?           roomAvailabilities?: true,\n     ?           peakSeasons?: true\n               }\n             }\n           }\n         },\n         reviews: {\n           select: {\n             rating: true\n           }\n         }\n       },\n       skip: 0,\n       take: 10\n     })\n\nThe `select` statement for type RoomsCountOutputType needs at least one truthy value.\n    at Nn (D:\\Ridho\\finpro\\finpro-api\\src\\generated\\prisma\\runtime\\library.js:32:1363)\n    at ei.handleRequestError (D:\\Ridho\\finpro\\finpro-api\\src\\generated\\prisma\\runtime\\library.js:124:6911)\n    at ei.handleAndLogRequestError (D:\\Ridho\\finpro\\finpro-api\\src\\generated\\prisma\\runtime\\library.js:124:6593)\n    at ei.request (D:\\Ridho\\finpro\\finpro-api\\src\\generated\\prisma\\runtime\\library.js:124:6300)\n    at async a (D:\\Ridho\\finpro\\finpro-api\\src\\generated\\prisma\\runtime\\library.js:133:9551)",
  "path": "/api/properties/search?city=Bali&sortBy=price&sortOrder=asc",
  "method": "GET",
  "ip": "::1",
  "statusCode": 500
}
