[2025-08-05 12:03:22] WARN: 404 Not Found  {
  "method": "GET",
  "path": "/api/samples",
  "ip": "::1"
}
[2025-08-05 12:06:36] ERROR: POST /api/samples - Sample data is not found  {
  "name": "AppError",
  "stack": "AppError: Sample data is not found\n    at new AppError (D:\\Workspace\\minpro-finpro\\pwd-template-api\\src\\utils\\app.error.ts:14:11)\n    at SampleController.<anonymous> (D:\\Workspace\\minpro-finpro\\pwd-template-api\\src\\controllers\\sample.controller.ts:24:30)\n    at Generator.next (<anonymous>)\n    at fulfilled (D:\\Workspace\\minpro-finpro\\pwd-template-api\\src\\controllers\\sample.controller.ts:5:58)\n    at processTicksAndRejections (node:internal/process/task_queues:95:5)",
  "path": "/api/samples",
  "method": "POST",
  "ip": "::1",
  "statusCode": 404
}
[2025-09-29 21:35:55] ERROR: POST /api/auth/register - Internal server error. Please try again later!  {
  "name": "SyntaxError",
  "stack": "SyntaxError: Expected double-quoted property name in JSON at position 83 (line 5 column 1)\n    at JSON.parse (<anonymous>)\n    at parse (D:\\Ridho\\finpro\\finpro-api\\node_modules\\body-parser\\lib\\types\\json.js:77:19)\n    at D:\\Ridho\\finpro\\finpro-api\\node_modules\\body-parser\\lib\\read.js:123:18\n    at AsyncResource.runInAsyncScope (node:async_hooks:214:14)\n    at invokeCallback (D:\\Ridho\\finpro\\finpro-api\\node_modules\\raw-body\\index.js:238:16)\n    at done (D:\\Ridho\\finpro\\finpro-api\\node_modules\\raw-body\\index.js:227:7)\n    at IncomingMessage.onEnd (D:\\Ridho\\finpro\\finpro-api\\node_modules\\raw-body\\index.js:287:7)\n    at IncomingMessage.emit (node:events:518:28)\n    at IncomingMessage.emit (node:domain:489:12)\n    at endReadableNT (node:internal/streams/readable:1698:12)",
  "path": "/api/auth/register",
  "method": "POST",
  "ip": "::1",
  "statusCode": 400
}
[2025-09-29 21:41:01] ERROR: POST /api/auth/login - Internal server error. Please try again later!  {
  "name": "Error",
  "stack": "Error: JWT_SECRET_KEY is not defined\n    at Function.generateToken (D:\\Ridho\\finpro\\finpro-api\\src\\utils\\jwt.util.ts:13:13)\n    at AuthService.<anonymous> (D:\\Ridho\\finpro\\finpro-api\\src\\services\\auth.service.ts:268:27)\n    at Generator.next (<anonymous>)\n    at fulfilled (D:\\Ridho\\finpro\\finpro-api\\src\\services\\auth.service.ts:5:58)",
  "path": "/api/auth/login",
  "method": "POST",
  "ip": "::1",
  "statusCode": 500
}
[2025-09-29 21:42:00] ERROR: POST /api/auth/login - Internal server error. Please try again later!  {
  "name": "Error",
  "stack": "Error: JWT_SECRET_KEY is not defined\n    at Function.generateToken (D:\\Ridho\\finpro\\finpro-api\\src\\utils\\jwt.util.ts:13:13)\n    at AuthService.<anonymous> (D:\\Ridho\\finpro\\finpro-api\\src\\services\\auth.service.ts:268:27)\n    at Generator.next (<anonymous>)\n    at fulfilled (D:\\Ridho\\finpro\\finpro-api\\src\\services\\auth.service.ts:5:58)",
  "path": "/api/auth/login",
  "method": "POST",
  "ip": "::1",
  "statusCode": 500
}
[2025-09-29 21:42:39] ERROR: POST /api/auth/login - Internal server error. Please try again later!  {
  "name": "Error",
  "stack": "Error: JWT_SECRET_KEY is not defined\n    at Function.generateToken (D:\\Ridho\\finpro\\finpro-api\\src\\utils\\jwt.util.ts:13:13)\n    at AuthService.<anonymous> (D:\\Ridho\\finpro\\finpro-api\\src\\services\\auth.service.ts:268:27)\n    at Generator.next (<anonymous>)\n    at fulfilled (D:\\Ridho\\finpro\\finpro-api\\src\\services\\auth.service.ts:5:58)",
  "path": "/api/auth/login",
  "method": "POST",
  "ip": "::1",
  "statusCode": 500
}
[2025-09-29 21:43:27] ERROR: POST /api/auth/login - Internal server error. Please try again later!  {
  "name": "Error",
  "stack": "Error: JWT_SECRET_KEY is not defined\n    at Function.generateToken (D:\\Ridho\\finpro\\finpro-api\\src\\utils\\jwt.util.ts:13:13)\n    at AuthService.<anonymous> (D:\\Ridho\\finpro\\finpro-api\\src\\services\\auth.service.ts:268:27)\n    at Generator.next (<anonymous>)\n    at fulfilled (D:\\Ridho\\finpro\\finpro-api\\src\\services\\auth.service.ts:5:58)",
  "path": "/api/auth/login",
  "method": "POST",
  "ip": "::1",
  "statusCode": 500
}
[2025-09-29 21:47:10] ERROR: POST /api/auth/login - Internal server error. Please try again later!  {
  "name": "Error",
  "stack": "Error: JWT_SECRET_KEY is not defined\n    at Function.generateToken (D:\\Ridho\\finpro\\finpro-api\\src\\utils\\jwt.util.ts:13:13)\n    at AuthService.<anonymous> (D:\\Ridho\\finpro\\finpro-api\\src\\services\\auth.service.ts:268:27)\n    at Generator.next (<anonymous>)\n    at fulfilled (D:\\Ridho\\finpro\\finpro-api\\src\\services\\auth.service.ts:5:58)",
  "path": "/api/auth/login",
  "method": "POST",
  "ip": "::1",
  "statusCode": 500
}
[2025-09-29 21:48:25] ERROR: POST /api/auth/login - Internal server error. Please try again later!  {
  "name": "Error",
  "stack": "Error: JWT_SECRET_KEY is not defined\n    at Function.generateToken (D:\\Ridho\\finpro\\finpro-api\\src\\utils\\jwt.util.ts:13:13)\n    at AuthService.<anonymous> (D:\\Ridho\\finpro\\finpro-api\\src\\services\\auth.service.ts:268:27)\n    at Generator.next (<anonymous>)\n    at fulfilled (D:\\Ridho\\finpro\\finpro-api\\src\\services\\auth.service.ts:5:58)",
  "path": "/api/auth/login",
  "method": "POST",
  "ip": "::1",
  "statusCode": 500
}
[2025-09-29 21:57:52] ERROR: POST /api/auth/login - Internal server error. Please try again later!  {
  "name": "Error",
  "stack": "Error: JWT_SECRET_KEY is not defined\n    at Function.generateToken (D:\\Ridho\\finpro\\finpro-api\\src\\utils\\jwt.util.ts:13:13)\n    at AuthService.<anonymous> (D:\\Ridho\\finpro\\finpro-api\\src\\services\\auth.service.ts:268:27)\n    at Generator.next (<anonymous>)\n    at fulfilled (D:\\Ridho\\finpro\\finpro-api\\src\\services\\auth.service.ts:5:58)",
  "path": "/api/auth/login",
  "method": "POST",
  "ip": "::1",
  "statusCode": 500
}
[2025-09-29 22:01:50] ERROR: POST /api/auth/login - Internal server error. Please try again later!  {
  "name": "Error",
  "stack": "Error: JWT_SECRET_KEY is not defined\n    at Function.generateToken (D:\\Ridho\\finpro\\finpro-api\\src\\utils\\jwt.util.ts:13:13)\n    at AuthService.<anonymous> (D:\\Ridho\\finpro\\finpro-api\\src\\services\\auth.service.ts:268:27)\n    at Generator.next (<anonymous>)\n    at fulfilled (D:\\Ridho\\finpro\\finpro-api\\src\\services\\auth.service.ts:5:58)",
  "path": "/api/auth/login",
  "method": "POST",
  "ip": "::1",
  "statusCode": 500
}
[2025-09-29 22:03:50] ERROR: POST /api/auth/login - Internal server error. Please try again later!  {
  "name": "Error",
  "stack": "Error: JWT_SECRET_KEY is not defined\n    at Function.generateToken (D:\\Ridho\\finpro\\finpro-api\\src\\utils\\jwt.util.ts:13:13)\n    at AuthService.<anonymous> (D:\\Ridho\\finpro\\finpro-api\\src\\services\\auth.service.ts:268:27)\n    at Generator.next (<anonymous>)\n    at fulfilled (D:\\Ridho\\finpro\\finpro-api\\src\\services\\auth.service.ts:5:58)",
  "path": "/api/auth/login",
  "method": "POST",
  "ip": "::1",
  "statusCode": 500
}
[2025-09-29 22:09:24] ERROR: POST /api/auth/login - Internal server error. Please try again later!  {
  "name": "Error",
  "stack": "Error: JWT_SECRET_KEY is not defined\n    at Function.generateToken (D:\\Ridho\\finpro\\finpro-api\\src\\utils\\jwt.util.ts:13:13)\n    at AuthService.<anonymous> (D:\\Ridho\\finpro\\finpro-api\\src\\services\\auth.service.ts:275:27)\n    at Generator.next (<anonymous>)\n    at fulfilled (D:\\Ridho\\finpro\\finpro-api\\src\\services\\auth.service.ts:5:58)",
  "path": "/api/auth/login",
  "method": "POST",
  "ip": "::1",
  "statusCode": 500
}
[2025-09-29 22:15:42] ERROR: POST /api/auth/login - Internal server error. Please try again later!  {
  "name": "Error",
  "stack": "Error: JWT_SECRET_KEY is not defined\n    at Function.generateToken (D:\\Ridho\\finpro\\finpro-api\\src\\utils\\jwt.util.ts:13:13)\n    at AuthService.<anonymous> (D:\\Ridho\\finpro\\finpro-api\\src\\services\\auth.service.ts:277:27)\n    at Generator.next (<anonymous>)\n    at fulfilled (D:\\Ridho\\finpro\\finpro-api\\src\\services\\auth.service.ts:5:58)",
  "path": "/api/auth/login",
  "method": "POST",
  "ip": "::1",
  "statusCode": 500
}
[2025-09-29 22:25:07] ERROR: POST /api/auth/resend-verification - Email already verified  {
  "name": "AppError",
  "stack": "AppError: Email already verified\n    at new AppError (D:\\Ridho\\finpro\\finpro-api\\src\\utils\\app.error.ts:14:11)\n    at AuthService.<anonymous> (D:\\Ridho\\finpro\\finpro-api\\src\\services\\auth.service.ts:300:13)\n    at Generator.next (<anonymous>)\n    at fulfilled (D:\\Ridho\\finpro\\finpro-api\\src\\services\\auth.service.ts:5:58)",
  "path": "/api/auth/resend-verification",
  "method": "POST",
  "ip": "::1",
  "statusCode": 400
}
[2025-09-29 22:29:24] ERROR: POST /api/auth/login - Invalid email or password  {
  "name": "AppError",
  "stack": "AppError: Invalid email or password\n    at new AppError (D:\\Ridho\\finpro\\finpro-api\\src\\utils\\app.error.ts:14:11)\n    at AuthService.<anonymous> (D:\\Ridho\\finpro\\finpro-api\\src\\services\\auth.service.ts:264:13)\n    at Generator.next (<anonymous>)\n    at fulfilled (D:\\Ridho\\finpro\\finpro-api\\src\\services\\auth.service.ts:5:58)",
  "path": "/api/auth/login",
  "method": "POST",
  "ip": "::1",
  "statusCode": 401
}
[2025-09-30 00:17:45] ERROR: POST /api/auth/login - Invalid email or password  {
  "name": "AppError",
  "stack": "AppError: Invalid email or password\n    at new AppError (D:\\Ridho\\finpro\\finpro-api\\src\\utils\\app.error.ts:14:11)\n    at AuthService.<anonymous> (D:\\Ridho\\finpro\\finpro-api\\src\\services\\auth.service.ts:264:13)\n    at Generator.next (<anonymous>)\n    at fulfilled (D:\\Ridho\\finpro\\finpro-api\\src\\services\\auth.service.ts:5:58)",
  "path": "/api/auth/login",
  "method": "POST",
  "ip": "::1",
  "statusCode": 401
}
[2025-09-30 00:27:53] ERROR: POST /api/tenant/properties - Category not found  {
  "name": "AppError",
  "stack": "AppError: Category not found\n    at new AppError (D:\\Ridho\\finpro\\finpro-api\\src\\utils\\app.error.ts:14:11)\n    at PropertyService.<anonymous> (D:\\Ridho\\finpro\\finpro-api\\src\\services\\property.service.ts:131:13)\n    at Generator.next (<anonymous>)\n    at fulfilled (D:\\Ridho\\finpro\\finpro-api\\src\\services\\property.service.ts:5:58)",
  "path": "/api/tenant/properties",
  "method": "POST",
  "ip": "::1",
  "statusCode": 404
}
[2025-09-30 00:28:40] ERROR: GET /api/tenant/categories/1 - Category not found  {
  "name": "AppError",
  "stack": "AppError: Category not found\n    at new AppError (D:\\Ridho\\finpro\\finpro-api\\src\\utils\\app.error.ts:14:11)\n    at PropertyCategoryService.<anonymous> (D:\\Ridho\\finpro\\finpro-api\\src\\services\\property-category.service.ts:50:13)\n    at Generator.next (<anonymous>)\n    at fulfilled (D:\\Ridho\\finpro\\finpro-api\\src\\services\\property-category.service.ts:5:58)",
  "path": "/api/tenant/categories/1",
  "method": "GET",
  "ip": "::1",
  "statusCode": 404
}
[2025-09-30 00:34:10] ERROR: GET /api/tenant/properties/2 - Property not found  {
  "name": "AppError",
  "stack": "AppError: Property not found\n    at new AppError (D:\\Ridho\\finpro\\finpro-api\\src\\utils\\app.error.ts:14:11)\n    at PropertyService.<anonymous> (D:\\Ridho\\finpro\\finpro-api\\src\\services\\property.service.ts:111:13)\n    at Generator.next (<anonymous>)\n    at fulfilled (D:\\Ridho\\finpro\\finpro-api\\src\\services\\property.service.ts:5:58)",
  "path": "/api/tenant/properties/2",
  "method": "GET",
  "ip": "::1",
  "statusCode": 404
}
[2025-09-30 00:36:16] ERROR: PUT /api/tenant/properties/1 - Category ID must be a number  {
  "name": "AppError",
  "stack": "AppError: Category ID must be a number\n    at new AppError (D:\\Ridho\\finpro\\finpro-api\\src\\utils\\app.error.ts:14:11)\n    at Function.<anonymous> (D:\\Ridho\\finpro\\finpro-api\\src\\middlewares\\validation.middleware.ts:13:15)\n    at Generator.next (<anonymous>)\n    at fulfilled (D:\\Ridho\\finpro\\finpro-api\\src\\middlewares\\validation.middleware.ts:5:58)\n    at processTicksAndRejections (node:internal/process/task_queues:105:5)",
  "path": "/api/tenant/properties/1",
  "method": "PUT",
  "ip": "::1",
  "statusCode": 400
}
[2025-09-30 00:36:32] ERROR: PUT /api/tenant/properties/1 - Category not found  {
  "name": "AppError",
  "stack": "AppError: Category not found\n    at new AppError (D:\\Ridho\\finpro\\finpro-api\\src\\utils\\app.error.ts:14:11)\n    at PropertyService.<anonymous> (D:\\Ridho\\finpro\\finpro-api\\src\\services\\property.service.ts:206:15)\n    at Generator.next (<anonymous>)\n    at fulfilled (D:\\Ridho\\finpro\\finpro-api\\src\\services\\property.service.ts:5:58)",
  "path": "/api/tenant/properties/1",
  "method": "PUT",
  "ip": "::1",
  "statusCode": 404
}
[2025-09-30 00:38:31] ERROR: PUT /api/tenant/properties/1 - Internal server error. Please try again later!  {
  "name": "TypeError",
  "stack": "TypeError: Cannot destructure property 'categoryId' of 'req.body' as it is undefined.\n    at PropertyController.<anonymous> (D:\\Ridho\\finpro\\finpro-api\\src\\controllers\\property.controller.ts:93:15)\n    at Generator.next (<anonymous>)\n    at D:\\Ridho\\finpro\\finpro-api\\src\\controllers\\property.controller.ts:8:71\n    at new Promise (<anonymous>)\n    at __awaiter (D:\\Ridho\\finpro\\finpro-api\\src\\controllers\\property.controller.ts:4:12)\n    at PropertyController.updateProperty (D:\\Ridho\\finpro\\finpro-api\\src\\controllers\\property.controller.ts:91:16)\n    at Layer.handleRequest (D:\\Ridho\\finpro\\finpro-api\\node_modules\\router\\lib\\layer.js:152:17)\n    at next (D:\\Ridho\\finpro\\finpro-api\\node_modules\\router\\lib\\route.js:157:13)\n    at Function.<anonymous> (D:\\Ridho\\finpro\\finpro-api\\src\\middlewares\\validation.middleware.ts:16:7)\n    at Generator.next (<anonymous>)",
  "path": "/api/tenant/properties/1",
  "method": "PUT",
  "ip": "::1",
  "statusCode": 500
}
[2025-09-30 00:39:18] ERROR: PUT /api/tenant/properties/1 - Internal server error. Please try again later!  {
  "name": "TypeError",
  "stack": "TypeError: Cannot destructure property 'categoryId' of 'req.body' as it is undefined.\n    at PropertyController.<anonymous> (D:\\Ridho\\finpro\\finpro-api\\src\\controllers\\property.controller.ts:93:15)\n    at Generator.next (<anonymous>)\n    at D:\\Ridho\\finpro\\finpro-api\\src\\controllers\\property.controller.ts:8:71\n    at new Promise (<anonymous>)\n    at __awaiter (D:\\Ridho\\finpro\\finpro-api\\src\\controllers\\property.controller.ts:4:12)\n    at PropertyController.updateProperty (D:\\Ridho\\finpro\\finpro-api\\src\\controllers\\property.controller.ts:91:16)\n    at Layer.handleRequest (D:\\Ridho\\finpro\\finpro-api\\node_modules\\router\\lib\\layer.js:152:17)\n    at next (D:\\Ridho\\finpro\\finpro-api\\node_modules\\router\\lib\\route.js:157:13)\n    at Function.<anonymous> (D:\\Ridho\\finpro\\finpro-api\\src\\middlewares\\validation.middleware.ts:16:7)\n    at Generator.next (<anonymous>)",
  "path": "/api/tenant/properties/1",
  "method": "PUT",
  "ip": "::1",
  "statusCode": 500
}
[2025-09-30 09:28:48] ERROR: GET /api/tenant/categories - Internal server error. Please try again later!  {
  "name": "PrismaClientKnownRequestError",
  "stack": "PrismaClientKnownRequestError: \nInvalid `prisma.users.findUnique()` invocation in\nD:\\Ridho\\finpro\\finpro-api\\src\\middlewares\\auth.middleware.ts:30:41\n\n  27 \n  28 const payload = JwtUtil.verifyToken(token);\n  29 \n→ 30 const user = await prisma.users.findUnique(\nThe column `users.is_verified` does not exist in the current database.\n    at ei.handleRequestError (D:\\Ridho\\finpro\\finpro-api\\src\\generated\\prisma\\runtime\\library.js:124:7268)\n    at ei.handleAndLogRequestError (D:\\Ridho\\finpro\\finpro-api\\src\\generated\\prisma\\runtime\\library.js:124:6593)\n    at ei.request (D:\\Ridho\\finpro\\finpro-api\\src\\generated\\prisma\\runtime\\library.js:124:6300)\n    at async a (D:\\Ridho\\finpro\\finpro-api\\src\\generated\\prisma\\runtime\\library.js:133:9551)",
  "path": "/api/tenant/categories",
  "method": "GET",
  "ip": "::1",
  "statusCode": 500
}
[2025-09-30 09:29:42] ERROR: POST /api/auth/login - Internal server error. Please try again later!  {
  "name": "PrismaClientKnownRequestError",
  "stack": "PrismaClientKnownRequestError: \nInvalid `prisma.users.findUnique()` invocation in\nD:\\Ridho\\finpro\\finpro-api\\src\\services\\auth.service.ts:234:37\n\n  231 }\n  232 \n  233 async login(data: LoginDTO) {\n→ 234   const user = await prisma.users.findUnique(\nThe column `users.provider_id` does not exist in the current database.\n    at ei.handleRequestError (D:\\Ridho\\finpro\\finpro-api\\src\\generated\\prisma\\runtime\\library.js:124:7268)\n    at ei.handleAndLogRequestError (D:\\Ridho\\finpro\\finpro-api\\src\\generated\\prisma\\runtime\\library.js:124:6593)\n    at ei.request (D:\\Ridho\\finpro\\finpro-api\\src\\generated\\prisma\\runtime\\library.js:124:6300)\n    at async a (D:\\Ridho\\finpro\\finpro-api\\src\\generated\\prisma\\runtime\\library.js:133:9551)",
  "path": "/api/auth/login",
  "method": "POST",
  "ip": "::1",
  "statusCode": 500
}
[2025-09-30 09:31:47] ERROR: POST /api/auth/register - Internal server error. Please try again later!  {
  "name": "PrismaClientKnownRequestError",
  "stack": "PrismaClientKnownRequestError: \nInvalid `prisma.users.findUnique()` invocation in\nD:\\Ridho\\finpro\\finpro-api\\src\\services\\auth.service.ts:48:45\n\n  45 export class AuthService {\n  46   async register(data: RegisterDTO) {\n  47     // Check if email already exists\n→ 48     const existingUser = await prisma.users.findUnique(\nThe column `users.provider_id` does not exist in the current database.\n    at ei.handleRequestError (D:\\Ridho\\finpro\\finpro-api\\src\\generated\\prisma\\runtime\\library.js:124:7268)\n    at ei.handleAndLogRequestError (D:\\Ridho\\finpro\\finpro-api\\src\\generated\\prisma\\runtime\\library.js:124:6593)\n    at ei.request (D:\\Ridho\\finpro\\finpro-api\\src\\generated\\prisma\\runtime\\library.js:124:6300)\n    at async a (D:\\Ridho\\finpro\\finpro-api\\src\\generated\\prisma\\runtime\\library.js:133:9551)",
  "path": "/api/auth/register",
  "method": "POST",
  "ip": "::1",
  "statusCode": 500
}
[2025-09-30 09:32:35] ERROR: POST /api/auth/register - Internal server error. Please try again later!  {
  "name": "PrismaClientKnownRequestError",
  "stack": "PrismaClientKnownRequestError: \nInvalid `prisma.users.findUnique()` invocation in\nD:\\Ridho\\finpro\\finpro-api\\src\\services\\auth.service.ts:48:45\n\n  45 export class AuthService {\n  46   async register(data: RegisterDTO) {\n  47     // Check if email already exists\n→ 48     const existingUser = await prisma.users.findUnique(\nThe column `users.provider_id` does not exist in the current database.\n    at ei.handleRequestError (D:\\Ridho\\finpro\\finpro-api\\src\\generated\\prisma\\runtime\\library.js:124:7268)\n    at ei.handleAndLogRequestError (D:\\Ridho\\finpro\\finpro-api\\src\\generated\\prisma\\runtime\\library.js:124:6593)\n    at ei.request (D:\\Ridho\\finpro\\finpro-api\\src\\generated\\prisma\\runtime\\library.js:124:6300)\n    at async a (D:\\Ridho\\finpro\\finpro-api\\src\\generated\\prisma\\runtime\\library.js:133:9551)",
  "path": "/api/auth/register",
  "method": "POST",
  "ip": "::1",
  "statusCode": 500
}
[2025-09-30 09:34:05] ERROR: POST /api/auth/register - Internal server error. Please try again later!  {
  "name": "PrismaClientKnownRequestError",
  "stack": "PrismaClientKnownRequestError: \nInvalid `prisma.users.findUnique()` invocation in\nD:\\Ridho\\finpro\\finpro-api\\src\\services\\auth.service.ts:48:45\n\n  45 export class AuthService {\n  46   async register(data: RegisterDTO) {\n  47     // Check if email already exists\n→ 48     const existingUser = await prisma.users.findUnique(\nThe column `users.provider_id` does not exist in the current database.\n    at ei.handleRequestError (D:\\Ridho\\finpro\\finpro-api\\src\\generated\\prisma\\runtime\\library.js:124:7268)\n    at ei.handleAndLogRequestError (D:\\Ridho\\finpro\\finpro-api\\src\\generated\\prisma\\runtime\\library.js:124:6593)\n    at ei.request (D:\\Ridho\\finpro\\finpro-api\\src\\generated\\prisma\\runtime\\library.js:124:6300)\n    at async a (D:\\Ridho\\finpro\\finpro-api\\src\\generated\\prisma\\runtime\\library.js:133:9551)",
  "path": "/api/auth/register",
  "method": "POST",
  "ip": "::1",
  "statusCode": 500
}
[2025-09-30 09:42:00] ERROR: POST /api/auth/login - Invalid email or password  {
  "name": "AppError",
  "stack": "AppError: Invalid email or password\n    at new AppError (D:\\Ridho\\finpro\\finpro-api\\src\\utils\\app.error.ts:14:11)\n    at AuthService.<anonymous> (D:\\Ridho\\finpro\\finpro-api\\src\\services\\auth.service.ts:242:13)\n    at Generator.next (<anonymous>)\n    at fulfilled (D:\\Ridho\\finpro\\finpro-api\\src\\services\\auth.service.ts:5:58)",
  "path": "/api/auth/login",
  "method": "POST",
  "ip": "::1",
  "statusCode": 401
}
[2025-09-30 09:48:04] ERROR: POST /api/tenant/rooms - Property ID must be a number, Base price must be a positive number, Max guests must be at least 1  {
  "name": "AppError",
  "stack": "AppError: Property ID must be a number, Base price must be a positive number, Max guests must be at least 1\n    at new AppError (D:\\Ridho\\finpro\\finpro-api\\src\\utils\\app.error.ts:14:11)\n    at Function.<anonymous> (D:\\Ridho\\finpro\\finpro-api\\src\\middlewares\\validation.middleware.ts:13:15)\n    at Generator.next (<anonymous>)\n    at fulfilled (D:\\Ridho\\finpro\\finpro-api\\src\\middlewares\\validation.middleware.ts:5:58)\n    at processTicksAndRejections (node:internal/process/task_queues:105:5)",
  "path": "/api/tenant/rooms",
  "method": "POST",
  "ip": "::1",
  "statusCode": 400
}
[2025-09-30 09:48:14] ERROR: POST /api/tenant/rooms - Base price must be a positive number, Max guests must be at least 1  {
  "name": "AppError",
  "stack": "AppError: Base price must be a positive number, Max guests must be at least 1\n    at new AppError (D:\\Ridho\\finpro\\finpro-api\\src\\utils\\app.error.ts:14:11)\n    at Function.<anonymous> (D:\\Ridho\\finpro\\finpro-api\\src\\middlewares\\validation.middleware.ts:13:15)\n    at Generator.next (<anonymous>)\n    at fulfilled (D:\\Ridho\\finpro\\finpro-api\\src\\middlewares\\validation.middleware.ts:5:58)\n    at processTicksAndRejections (node:internal/process/task_queues:105:5)",
  "path": "/api/tenant/rooms",
  "method": "POST",
  "ip": "::1",
  "statusCode": 400
}
[2025-09-30 09:48:21] ERROR: POST /api/tenant/rooms - Base price must be a positive number  {
  "name": "AppError",
  "stack": "AppError: Base price must be a positive number\n    at new AppError (D:\\Ridho\\finpro\\finpro-api\\src\\utils\\app.error.ts:14:11)\n    at Function.<anonymous> (D:\\Ridho\\finpro\\finpro-api\\src\\middlewares\\validation.middleware.ts:13:15)\n    at Generator.next (<anonymous>)\n    at fulfilled (D:\\Ridho\\finpro\\finpro-api\\src\\middlewares\\validation.middleware.ts:5:58)\n    at processTicksAndRejections (node:internal/process/task_queues:105:5)",
  "path": "/api/tenant/rooms",
  "method": "POST",
  "ip": "::1",
  "statusCode": 400
}
[2025-09-30 10:00:02] ERROR: PUT /api/tenant/rooms/1 - Bearer token is invalid or missing  {
  "name": "AppError",
  "stack": "AppError: Bearer token is invalid or missing\n    at new AppError (D:\\Ridho\\finpro\\finpro-api\\src\\utils\\app.error.ts:14:11)\n    at Function.<anonymous> (D:\\Ridho\\finpro\\finpro-api\\src\\middlewares\\auth.middleware.ts:25:17)\n    at Generator.next (<anonymous>)\n    at D:\\Ridho\\finpro\\finpro-api\\src\\middlewares\\auth.middleware.ts:8:71\n    at new Promise (<anonymous>)\n    at __awaiter (D:\\Ridho\\finpro\\finpro-api\\src\\middlewares\\auth.middleware.ts:4:12)\n    at D:\\Ridho\\finpro\\finpro-api\\src\\middlewares\\auth.middleware.ts:20:70\n    at Layer.handleRequest (D:\\Ridho\\finpro\\finpro-api\\node_modules\\router\\lib\\layer.js:152:17)\n    at trimPrefix (D:\\Ridho\\finpro\\finpro-api\\node_modules\\router\\index.js:342:13)\n    at D:\\Ridho\\finpro\\finpro-api\\node_modules\\router\\index.js:297:9",
  "path": "/api/tenant/rooms/1",
  "method": "PUT",
  "ip": "::1",
  "statusCode": 401
}
[2025-09-30 10:02:58] ERROR: GET /api/tenant/rooms/2 - Room not found  {
  "name": "AppError",
  "stack": "AppError: Room not found\n    at new AppError (D:\\Ridho\\finpro\\finpro-api\\src\\utils\\app.error.ts:14:11)\n    at RoomService.<anonymous> (D:\\Ridho\\finpro\\finpro-api\\src\\services\\room.service.ts:79:13)\n    at Generator.next (<anonymous>)\n    at fulfilled (D:\\Ridho\\finpro\\finpro-api\\src\\services\\room.service.ts:5:58)",
  "path": "/api/tenant/rooms/2",
  "method": "GET",
  "ip": "::1",
  "statusCode": 404
}
[2025-09-30 10:36:23] ERROR: POST /api/tenant/peak-seasons - Bearer token is invalid or missing  {
  "name": "AppError",
  "stack": "AppError: Bearer token is invalid or missing\n    at new AppError (D:\\Ridho\\finpro\\finpro-api\\src\\utils\\app.error.ts:14:11)\n    at Function.<anonymous> (D:\\Ridho\\finpro\\finpro-api\\src\\middlewares\\auth.middleware.ts:25:17)\n    at Generator.next (<anonymous>)\n    at D:\\Ridho\\finpro\\finpro-api\\src\\middlewares\\auth.middleware.ts:8:71\n    at new Promise (<anonymous>)\n    at __awaiter (D:\\Ridho\\finpro\\finpro-api\\src\\middlewares\\auth.middleware.ts:4:12)\n    at D:\\Ridho\\finpro\\finpro-api\\src\\middlewares\\auth.middleware.ts:20:70\n    at Layer.handleRequest (D:\\Ridho\\finpro\\finpro-api\\node_modules\\router\\lib\\layer.js:152:17)\n    at trimPrefix (D:\\Ridho\\finpro\\finpro-api\\node_modules\\router\\index.js:342:13)\n    at D:\\Ridho\\finpro\\finpro-api\\node_modules\\router\\index.js:297:9",
  "path": "/api/tenant/peak-seasons",
  "method": "POST",
  "ip": "::1",
  "statusCode": 401
}
[2025-09-30 10:41:18] ERROR: GET /api/properties/search?city=Bali - Internal server error. Please try again later!  {
  "name": "PrismaClientValidationError",
  "stack": "PrismaClientValidationError: \nInvalid `prisma.properties.findMany()` invocation in\nD:\\Ridho\\finpro\\finpro-api\\src\\services\\property-catalog.service.ts:52:46\n\n  49 };\n  50 \n  51 // Get properties with rooms\n→ 52 let properties = await prisma.properties.findMany({\n       where: {\n         city: {\n           equals: \"Bali\",\n           mode: \"insensitive\"\n         }\n       },\n       include: {\n         category: {\n           select: {\n             id: true,\n             name: true\n           }\n         },\n         rooms: {\n           include: {\n             peakSeasons: true,\n             roomAvailabilities: false,\n             _count: {\n               select: {\n     ?           reservations?: true,\n     ?           roomAvailabilities?: true,\n     ?           peakSeasons?: true\n               }\n             }\n           }\n         },\n         reviews: {\n           select: {\n             rating: true\n           }\n         }\n       },\n       skip: 0,\n       take: 10\n     })\n\nThe `select` statement for type RoomsCountOutputType needs at least one truthy value.\n    at Nn (D:\\Ridho\\finpro\\finpro-api\\src\\generated\\prisma\\runtime\\library.js:32:1363)\n    at ei.handleRequestError (D:\\Ridho\\finpro\\finpro-api\\src\\generated\\prisma\\runtime\\library.js:124:6911)\n    at ei.handleAndLogRequestError (D:\\Ridho\\finpro\\finpro-api\\src\\generated\\prisma\\runtime\\library.js:124:6593)\n    at ei.request (D:\\Ridho\\finpro\\finpro-api\\src\\generated\\prisma\\runtime\\library.js:124:6300)\n    at async a (D:\\Ridho\\finpro\\finpro-api\\src\\generated\\prisma\\runtime\\library.js:133:9551)",
  "path": "/api/properties/search?city=Bali",
  "method": "GET",
  "ip": "::1",
  "statusCode": 500
}
[2025-09-30 10:42:39] ERROR: GET /api/properties/search?city=Bali&categoryId=1 - Internal server error. Please try again later!  {
  "name": "PrismaClientValidationError",
  "stack": "PrismaClientValidationError: \nInvalid `prisma.properties.findMany()` invocation in\nD:\\Ridho\\finpro\\finpro-api\\src\\services\\property-catalog.service.ts:52:46\n\n  49 };\n  50 \n  51 // Get properties with rooms\n→ 52 let properties = await prisma.properties.findMany({\n       where: {\n         city: {\n           equals: \"Bali\",\n           mode: \"insensitive\"\n         },\n         categoryId: 1\n       },\n       include: {\n         category: {\n           select: {\n             id: true,\n             name: true\n           }\n         },\n         rooms: {\n           include: {\n             peakSeasons: true,\n             roomAvailabilities: false,\n             _count: {\n               select: {\n     ?           reservations?: true,\n     ?           roomAvailabilities?: true,\n     ?           peakSeasons?: true\n               }\n             }\n           }\n         },\n         reviews: {\n           select: {\n             rating: true\n           }\n         }\n       },\n       skip: 0,\n       take: 10\n     })\n\nThe `select` statement for type RoomsCountOutputType needs at least one truthy value.\n    at Nn (D:\\Ridho\\finpro\\finpro-api\\src\\generated\\prisma\\runtime\\library.js:32:1363)\n    at ei.handleRequestError (D:\\Ridho\\finpro\\finpro-api\\src\\generated\\prisma\\runtime\\library.js:124:6911)\n    at ei.handleAndLogRequestError (D:\\Ridho\\finpro\\finpro-api\\src\\generated\\prisma\\runtime\\library.js:124:6593)\n    at ei.request (D:\\Ridho\\finpro\\finpro-api\\src\\generated\\prisma\\runtime\\library.js:124:6300)\n    at async a (D:\\Ridho\\finpro\\finpro-api\\src\\generated\\prisma\\runtime\\library.js:133:9551)",
  "path": "/api/properties/search?city=Bali&categoryId=1",
  "method": "GET",
  "ip": "::1",
  "statusCode": 500
}
[2025-09-30 10:43:04] ERROR: GET /api/properties/search?city=Bali&categoryId=2 - Internal server error. Please try again later!  {
  "name": "PrismaClientValidationError",
  "stack": "PrismaClientValidationError: \nInvalid `prisma.properties.findMany()` invocation in\nD:\\Ridho\\finpro\\finpro-api\\src\\services\\property-catalog.service.ts:52:46\n\n  49 };\n  50 \n  51 // Get properties with rooms\n→ 52 let properties = await prisma.properties.findMany({\n       where: {\n         city: {\n           equals: \"Bali\",\n           mode: \"insensitive\"\n         },\n         categoryId: 2\n       },\n       include: {\n         category: {\n           select: {\n             id: true,\n             name: true\n           }\n         },\n         rooms: {\n           include: {\n             peakSeasons: true,\n             roomAvailabilities: false,\n             _count: {\n               select: {\n     ?           reservations?: true,\n     ?           roomAvailabilities?: true,\n     ?           peakSeasons?: true\n               }\n             }\n           }\n         },\n         reviews: {\n           select: {\n             rating: true\n           }\n         }\n       },\n       skip: 0,\n       take: 10\n     })\n\nThe `select` statement for type RoomsCountOutputType needs at least one truthy value.\n    at Nn (D:\\Ridho\\finpro\\finpro-api\\src\\generated\\prisma\\runtime\\library.js:32:1363)\n    at ei.handleRequestError (D:\\Ridho\\finpro\\finpro-api\\src\\generated\\prisma\\runtime\\library.js:124:6911)\n    at ei.handleAndLogRequestError (D:\\Ridho\\finpro\\finpro-api\\src\\generated\\prisma\\runtime\\library.js:124:6593)\n    at ei.request (D:\\Ridho\\finpro\\finpro-api\\src\\generated\\prisma\\runtime\\library.js:124:6300)\n    at async a (D:\\Ridho\\finpro\\finpro-api\\src\\generated\\prisma\\runtime\\library.js:133:9551)",
  "path": "/api/properties/search?city=Bali&categoryId=2",
  "method": "GET",
  "ip": "::1",
  "statusCode": 500
}
[2025-09-30 10:43:22] ERROR: GET /api/properties/search?city=Bali&sortBy=price&sortOrder=asc - Internal server error. Please try again later!  {
  "name": "PrismaClientValidationError",
  "stack": "PrismaClientValidationError: \nInvalid `prisma.properties.findMany()` invocation in\nD:\\Ridho\\finpro\\finpro-api\\src\\services\\property-catalog.service.ts:52:46\n\n  49 };\n  50 \n  51 // Get properties with rooms\n→ 52 let properties = await prisma.properties.findMany({\n       where: {\n         city: {\n           equals: \"Bali\",\n           mode: \"insensitive\"\n         }\n       },\n       include: {\n         category: {\n           select: {\n             id: true,\n             name: true\n           }\n         },\n         rooms: {\n           include: {\n             peakSeasons: true,\n             roomAvailabilities: false,\n             _count: {\n               select: {\n     ?           reservations?: true,\n     ?           roomAvailabilities?: true,\n     ?           peakSeasons?: true\n               }\n             }\n           }\n         },\n         reviews: {\n           select: {\n             rating: true\n           }\n         }\n       },\n       skip: 0,\n       take: 10\n     })\n\nThe `select` statement for type RoomsCountOutputType needs at least one truthy value.\n    at Nn (D:\\Ridho\\finpro\\finpro-api\\src\\generated\\prisma\\runtime\\library.js:32:1363)\n    at ei.handleRequestError (D:\\Ridho\\finpro\\finpro-api\\src\\generated\\prisma\\runtime\\library.js:124:6911)\n    at ei.handleAndLogRequestError (D:\\Ridho\\finpro\\finpro-api\\src\\generated\\prisma\\runtime\\library.js:124:6593)\n    at ei.request (D:\\Ridho\\finpro\\finpro-api\\src\\generated\\prisma\\runtime\\library.js:124:6300)\n    at async a (D:\\Ridho\\finpro\\finpro-api\\src\\generated\\prisma\\runtime\\library.js:133:9551)",
  "path": "/api/properties/search?city=Bali&sortBy=price&sortOrder=asc",
  "method": "GET",
  "ip": "::1",
  "statusCode": 500
}
[2025-10-01 15:17:29] ERROR: POST /api/auth/login - Invalid email or password  {
  "name": "AppError",
  "stack": "AppError: Invalid email or password\n    at new AppError (D:\\Ridho\\finpro\\finpro-api\\src\\utils\\app.error.ts:14:11)\n    at AuthService.<anonymous> (D:\\Ridho\\finpro\\finpro-api\\src\\services\\auth.service.ts:264:13)\n    at Generator.next (<anonymous>)\n    at fulfilled (D:\\Ridho\\finpro\\finpro-api\\src\\services\\auth.service.ts:5:58)",
  "path": "/api/auth/login",
  "method": "POST",
  "ip": "::1",
  "statusCode": 401
}
[2025-10-01 15:17:39] ERROR: POST /api/auth/login - Invalid email or password  {
  "name": "AppError",
  "stack": "AppError: Invalid email or password\n    at new AppError (D:\\Ridho\\finpro\\finpro-api\\src\\utils\\app.error.ts:14:11)\n    at AuthService.<anonymous> (D:\\Ridho\\finpro\\finpro-api\\src\\services\\auth.service.ts:264:13)\n    at Generator.next (<anonymous>)\n    at fulfilled (D:\\Ridho\\finpro\\finpro-api\\src\\services\\auth.service.ts:5:58)",
  "path": "/api/auth/login",
  "method": "POST",
  "ip": "::1",
  "statusCode": 401
}
[2025-10-01 15:20:16] ERROR: POST /api/auth/register - Invalid phone number format  {
  "name": "AppError",
  "stack": "AppError: Invalid phone number format\n    at new AppError (D:\\Ridho\\finpro\\finpro-api\\src\\utils\\app.error.ts:14:11)\n    at Function.<anonymous> (D:\\Ridho\\finpro\\finpro-api\\src\\middlewares\\validation.middleware.ts:13:15)\n    at Generator.next (<anonymous>)\n    at fulfilled (D:\\Ridho\\finpro\\finpro-api\\src\\middlewares\\validation.middleware.ts:5:58)\n    at processTicksAndRejections (node:internal/process/task_queues:105:5)",
  "path": "/api/auth/register",
  "method": "POST",
  "ip": "::1",
  "statusCode": 400
}
[2025-10-01 16:03:07] ERROR: POST /api/auth/login - Invalid email or password  {
  "name": "AppError",
  "stack": "AppError: Invalid email or password\n    at new AppError (D:\\Ridho\\finpro\\finpro-api\\src\\utils\\app.error.ts:14:11)\n    at AuthService.<anonymous> (D:\\Ridho\\finpro\\finpro-api\\src\\services\\auth.service.ts:264:13)\n    at Generator.next (<anonymous>)\n    at fulfilled (D:\\Ridho\\finpro\\finpro-api\\src\\services\\auth.service.ts:5:58)",
  "path": "/api/auth/login",
  "method": "POST",
  "ip": "::1",
  "statusCode": 401
}
[2025-10-01 16:07:00] ERROR: POST /api/auth/login - Invalid email or password  {
  "name": "AppError",
  "stack": "AppError: Invalid email or password\n    at new AppError (D:\\Ridho\\finpro\\finpro-api\\src\\utils\\app.error.ts:14:11)\n    at AuthService.<anonymous> (D:\\Ridho\\finpro\\finpro-api\\src\\services\\auth.service.ts:264:13)\n    at Generator.next (<anonymous>)\n    at fulfilled (D:\\Ridho\\finpro\\finpro-api\\src\\services\\auth.service.ts:5:58)",
  "path": "/api/auth/login",
  "method": "POST",
  "ip": "::1",
  "statusCode": 401
}
[2025-10-01 16:07:20] ERROR: POST /api/auth/login - Invalid email or password  {
  "name": "AppError",
  "stack": "AppError: Invalid email or password\n    at new AppError (D:\\Ridho\\finpro\\finpro-api\\src\\utils\\app.error.ts:14:11)\n    at AuthService.<anonymous> (D:\\Ridho\\finpro\\finpro-api\\src\\services\\auth.service.ts:264:13)\n    at Generator.next (<anonymous>)\n    at fulfilled (D:\\Ridho\\finpro\\finpro-api\\src\\services\\auth.service.ts:5:58)",
  "path": "/api/auth/login",
  "method": "POST",
  "ip": "::1",
  "statusCode": 401
}
[2025-10-01 20:00:14] WARN: 404 Not Found  {
  "method": "POST",
  "path": "/api/api/auth/register",
  "ip": "::1"
}
[2025-10-01 20:00:26] WARN: 404 Not Found  {
  "method": "POST",
  "path": "/api/api/auth/register",
  "ip": "::1"
}
[2025-10-01 20:00:37] WARN: 404 Not Found  {
  "method": "POST",
  "path": "/api/api/auth/register",
  "ip": "::1"
}
[2025-10-01 20:00:37] WARN: 404 Not Found  {
  "method": "POST",
  "path": "/api/api/auth/register",
  "ip": "::1"
}
[2025-10-03 10:12:16] ERROR: POST /api/auth/login - Invalid email or password  {
  "name": "AppError",
  "stack": "AppError: Invalid email or password\n    at new AppError (D:\\Ridho\\finpro\\finpro-api\\src\\utils\\app.error.ts:14:11)\n    at AuthService.<anonymous> (D:\\Ridho\\finpro\\finpro-api\\src\\services\\auth.service.ts:264:13)\n    at Generator.next (<anonymous>)\n    at fulfilled (D:\\Ridho\\finpro\\finpro-api\\src\\services\\auth.service.ts:5:58)",
  "path": "/api/auth/login",
  "method": "POST",
  "ip": "::1",
  "statusCode": 401
}
[2025-10-03 10:12:25] ERROR: POST /api/auth/login - Invalid email or password  {
  "name": "AppError",
  "stack": "AppError: Invalid email or password\n    at new AppError (D:\\Ridho\\finpro\\finpro-api\\src\\utils\\app.error.ts:14:11)\n    at AuthService.<anonymous> (D:\\Ridho\\finpro\\finpro-api\\src\\services\\auth.service.ts:264:13)\n    at Generator.next (<anonymous>)\n    at fulfilled (D:\\Ridho\\finpro\\finpro-api\\src\\services\\auth.service.ts:5:58)",
  "path": "/api/auth/login",
  "method": "POST",
  "ip": "::1",
  "statusCode": 401
}
[2025-10-03 10:18:14] ERROR: POST /api/auth/login - Invalid email or password  {
  "name": "AppError",
  "stack": "AppError: Invalid email or password\n    at new AppError (D:\\Ridho\\finpro\\finpro-api\\src\\utils\\app.error.ts:14:11)\n    at AuthService.<anonymous> (D:\\Ridho\\finpro\\finpro-api\\src\\services\\auth.service.ts:264:13)\n    at Generator.next (<anonymous>)\n    at fulfilled (D:\\Ridho\\finpro\\finpro-api\\src\\services\\auth.service.ts:5:58)",
  "path": "/api/auth/login",
  "method": "POST",
  "ip": "::1",
  "statusCode": 401
}
[2025-10-03 10:21:43] ERROR: POST /api/auth/login - Invalid email or password  {
  "name": "AppError",
  "stack": "AppError: Invalid email or password\n    at new AppError (D:\\Ridho\\finpro\\finpro-api\\src\\utils\\app.error.ts:14:11)\n    at AuthService.<anonymous> (D:\\Ridho\\finpro\\finpro-api\\src\\services\\auth.service.ts:264:13)\n    at Generator.next (<anonymous>)\n    at fulfilled (D:\\Ridho\\finpro\\finpro-api\\src\\services\\auth.service.ts:5:58)",
  "path": "/api/auth/login",
  "method": "POST",
  "ip": "::1",
  "statusCode": 401
}
